Component: ARM Compiler 5.06 update 5 (build 528) Tool: armlink [4d35e2]

==============================================================================

Section Cross References

    startup_stm32f103xb.o(RESET) refers to startup_stm32f103xb.o(STACK) for __initial_sp
    startup_stm32f103xb.o(RESET) refers to startup_stm32f103xb.o(.text) for Reset_Handler
    startup_stm32f103xb.o(RESET) refers to stm32f1xx_it.o(i.NMI_Handler) for NMI_Handler
    startup_stm32f103xb.o(RESET) refers to stm32f1xx_it.o(i.HardFault_Handler) for HardFault_Handler
    startup_stm32f103xb.o(RESET) refers to stm32f1xx_it.o(i.MemManage_Handler) for MemManage_Handler
    startup_stm32f103xb.o(RESET) refers to stm32f1xx_it.o(i.BusFault_Handler) for BusFault_Handler
    startup_stm32f103xb.o(RESET) refers to stm32f1xx_it.o(i.UsageFault_Handler) for UsageFault_Handler
    startup_stm32f103xb.o(RESET) refers to stm32f1xx_it.o(i.DebugMon_Handler) for DebugMon_Handler
    startup_stm32f103xb.o(RESET) refers to port.o(.emb_text) for PendSV_Handler
    startup_stm32f103xb.o(RESET) refers to stm32f1xx_it.o(i.SysTick_Handler) for SysTick_Handler
    startup_stm32f103xb.o(.text) refers to system_stm32f1xx.o(i.SystemInit) for SystemInit
    startup_stm32f103xb.o(.text) refers to entry.o(.ARM.Collect$$$$00000000) for __main
    main.o(i.SystemClock_Config) refers to memseta.o(.text) for __aeabi_memclr4
    main.o(i.SystemClock_Config) refers to stm32f1xx_hal_rcc.o(i.HAL_RCC_OscConfig) for HAL_RCC_OscConfig
    main.o(i.SystemClock_Config) refers to main.o(i.Error_Handler) for Error_Handler
    main.o(i.SystemClock_Config) refers to stm32f1xx_hal_rcc.o(i.HAL_RCC_ClockConfig) for HAL_RCC_ClockConfig
    main.o(i.main) refers to stm32f1xx_hal.o(i.HAL_Init) for HAL_Init
    main.o(i.main) refers to main.o(i.SystemClock_Config) for SystemClock_Config
    main.o(i.main) refers to gpio.o(i.MX_GPIO_Init) for MX_GPIO_Init
    main.o(i.main) refers to usart.o(i.MX_USART1_UART_Init) for MX_USART1_UART_Init
    main.o(i.main) refers to app_freertos.o(i.App_freeRTOS_Start) for App_freeRTOS_Start
    gpio.o(i.MX_GPIO_Init) refers to stm32f1xx_hal_gpio.o(i.HAL_GPIO_WritePin) for HAL_GPIO_WritePin
    gpio.o(i.MX_GPIO_Init) refers to stm32f1xx_hal_gpio.o(i.HAL_GPIO_Init) for HAL_GPIO_Init
    usart.o(i.HAL_UART_MspDeInit) refers to stm32f1xx_hal_gpio.o(i.HAL_GPIO_DeInit) for HAL_GPIO_DeInit
    usart.o(i.HAL_UART_MspInit) refers to stm32f1xx_hal_gpio.o(i.HAL_GPIO_Init) for HAL_GPIO_Init
    usart.o(i.MX_USART1_UART_Init) refers to stm32f1xx_hal_uart.o(i.HAL_UART_Init) for HAL_UART_Init
    usart.o(i.MX_USART1_UART_Init) refers to main.o(i.Error_Handler) for Error_Handler
    usart.o(i.MX_USART1_UART_Init) refers to usart.o(.bss) for huart1
    stm32f1xx_it.o(i.SysTick_Handler) refers to tasks.o(i.xTaskGetSchedulerState) for xTaskGetSchedulerState
    stm32f1xx_it.o(i.SysTick_Handler) refers to port.o(i.xPortSysTickHandler) for xPortSysTickHandler
    stm32f1xx_it.o(i.SysTick_Handler) refers to stm32f1xx_hal.o(i.HAL_IncTick) for HAL_IncTick
    stm32f1xx_hal_uart.o(i.HAL_HalfDuplex_Init) refers to usart.o(i.HAL_UART_MspInit) for HAL_UART_MspInit
    stm32f1xx_hal_uart.o(i.HAL_HalfDuplex_Init) refers to stm32f1xx_hal_uart.o(i.UART_SetConfig) for UART_SetConfig
    stm32f1xx_hal_uart.o(i.HAL_LIN_Init) refers to usart.o(i.HAL_UART_MspInit) for HAL_UART_MspInit
    stm32f1xx_hal_uart.o(i.HAL_LIN_Init) refers to stm32f1xx_hal_uart.o(i.UART_SetConfig) for UART_SetConfig
    stm32f1xx_hal_uart.o(i.HAL_MultiProcessor_Init) refers to usart.o(i.HAL_UART_MspInit) for HAL_UART_MspInit
    stm32f1xx_hal_uart.o(i.HAL_MultiProcessor_Init) refers to stm32f1xx_hal_uart.o(i.UART_SetConfig) for UART_SetConfig
    stm32f1xx_hal_uart.o(i.HAL_UARTEx_ReceiveToIdle) refers to stm32f1xx_hal.o(i.HAL_GetTick) for HAL_GetTick
    stm32f1xx_hal_uart.o(i.HAL_UARTEx_ReceiveToIdle_DMA) refers to stm32f1xx_hal_uart.o(i.UART_Start_Receive_DMA) for UART_Start_Receive_DMA
    stm32f1xx_hal_uart.o(i.HAL_UARTEx_ReceiveToIdle_IT) refers to stm32f1xx_hal_uart.o(i.UART_Start_Receive_IT) for UART_Start_Receive_IT
    stm32f1xx_hal_uart.o(i.HAL_UART_Abort) refers to stm32f1xx_hal_dma.o(i.HAL_DMA_Abort) for HAL_DMA_Abort
    stm32f1xx_hal_uart.o(i.HAL_UART_Abort) refers to stm32f1xx_hal_dma.o(i.HAL_DMA_GetError) for HAL_DMA_GetError
    stm32f1xx_hal_uart.o(i.HAL_UART_AbortReceive) refers to stm32f1xx_hal_dma.o(i.HAL_DMA_Abort) for HAL_DMA_Abort
    stm32f1xx_hal_uart.o(i.HAL_UART_AbortReceive) refers to stm32f1xx_hal_dma.o(i.HAL_DMA_GetError) for HAL_DMA_GetError
    stm32f1xx_hal_uart.o(i.HAL_UART_AbortReceive_IT) refers to stm32f1xx_hal_dma.o(i.HAL_DMA_Abort_IT) for HAL_DMA_Abort_IT
    stm32f1xx_hal_uart.o(i.HAL_UART_AbortReceive_IT) refers to stm32f1xx_hal_uart.o(i.HAL_UART_AbortReceiveCpltCallback) for HAL_UART_AbortReceiveCpltCallback
    stm32f1xx_hal_uart.o(i.HAL_UART_AbortReceive_IT) refers to stm32f1xx_hal_uart.o(i.UART_DMARxOnlyAbortCallback) for UART_DMARxOnlyAbortCallback
[...]
    Removing stm32f1xx_hal_msp.o(.rrx_text), (6 bytes).
    Removing stm32f1xx_hal_gpio_ex.o(.rev16_text), (4 bytes).
    Removing stm32f1xx_hal_gpio_ex.o(.revsh_text), (4 bytes).
    Removing stm32f1xx_hal_gpio_ex.o(.rrx_text), (6 bytes).
    Removing stm32f1xx_hal_gpio_ex.o(i.HAL_GPIOEx_ConfigEventout), (24 bytes).
    Removing stm32f1xx_hal_gpio_ex.o(i.HAL_GPIOEx_DisableEventout), (20 bytes).
    Removing stm32f1xx_hal_gpio_ex.o(i.HAL_GPIOEx_EnableEventout), (20 bytes).
    Removing stm32f1xx_hal_uart.o(.rev16_text), (4 bytes).
    Removing stm32f1xx_hal_uart.o(.revsh_text), (4 bytes).
    Removing stm32f1xx_hal_uart.o(.rrx_text), (6 bytes).
    Removing stm32f1xx_hal_uart.o(i.HAL_HalfDuplex_EnableReceiver), (68 bytes).
    Removing stm32f1xx_hal_uart.o(i.HAL_HalfDuplex_EnableTransmitter), (68 bytes).
    Removing stm32f1xx_hal_uart.o(i.HAL_HalfDuplex_Init), (122 bytes).
    Removing stm32f1xx_hal_uart.o(i.HAL_LIN_Init), (146 bytes).
    Removing stm32f1xx_hal_uart.o(i.HAL_LIN_SendBreak), (80 bytes).
    Removing stm32f1xx_hal_uart.o(i.HAL_MultiProcessor_EnterMuteMode), (82 bytes).
    Removing stm32f1xx_hal_uart.o(i.HAL_MultiProcessor_ExitMuteMode), (82 bytes).
    Removing stm32f1xx_hal_uart.o(i.HAL_MultiProcessor_Init), (158 bytes).
    Removing stm32f1xx_hal_uart.o(i.HAL_UARTEx_GetRxEventType), (6 bytes).
    Removing stm32f1xx_hal_uart.o(i.HAL_UARTEx_ReceiveToIdle), (296 bytes).
    Removing stm32f1xx_hal_uart.o(i.HAL_UARTEx_ReceiveToIdle_DMA), (112 bytes).
    Removing stm32f1xx_hal_uart.o(i.HAL_UARTEx_ReceiveToIdle_IT), (114 bytes).
    Removing stm32f1xx_hal_uart.o(i.HAL_UARTEx_RxEventCallback), (2 bytes).
    Removing stm32f1xx_hal_uart.o(i.HAL_UART_Abort), (278 bytes).
    Removing stm32f1xx_hal_uart.o(i.HAL_UART_AbortCpltCallback), (2 bytes).
    Removing stm32f1xx_hal_uart.o(i.HAL_UART_AbortReceive), (194 bytes).
    Removing stm32f1xx_hal_uart.o(i.HAL_UART_AbortReceiveCpltCallback), (2 bytes).
    Removing stm32f1xx_hal_uart.o(i.HAL_UART_AbortReceive_IT), (216 bytes).
    Removing stm32f1xx_hal_uart.o(i.HAL_UART_AbortTransmit), (124 bytes).
    Removing stm32f1xx_hal_uart.o(i.HAL_UART_AbortTransmitCpltCallback), (2 bytes).
    Removing stm32f1xx_hal_uart.o(i.HAL_UART_AbortTransmit_IT), (144 bytes).
    Removing stm32f1xx_hal_uart.o(i.HAL_UART_Abort_IT), (328 bytes).
    Removing stm32f1xx_hal_uart.o(i.HAL_UART_DMAPause), (166 bytes).
    Removing stm32f1xx_hal_uart.o(i.HAL_UART_DMAResume), (170 bytes).
    Removing stm32f1xx_hal_uart.o(i.HAL_UART_DMAStop), (138 bytes).
    Removing stm32f1xx_hal_uart.o(i.HAL_UART_DeInit), (62 bytes).
    Removing stm32f1xx_hal_uart.o(i.HAL_UART_ErrorCallback), (2 bytes).
    Removing stm32f1xx_hal_uart.o(i.HAL_UART_GetError), (6 bytes).
    Removing stm32f1xx_hal_uart.o(i.HAL_UART_GetState), (20 bytes).
    Removing stm32f1xx_hal_uart.o(i.HAL_UART_IRQHandler), (740 bytes).
    Removing stm32f1xx_hal_uart.o(i.HAL_UART_MspDeInit), (2 bytes).
    Removing stm32f1xx_hal_uart.o(i.HAL_UART_MspInit), (2 bytes).
    Removing stm32f1xx_hal_uart.o(i.HAL_UART_Receive), (194 bytes).
    Removing stm32f1xx_hal_uart.o(i.HAL_UART_Receive_DMA), (44 bytes).
    Removing stm32f1xx_hal_uart.o(i.HAL_UART_Receive_IT), (44 bytes).
    Removing stm32f1xx_hal_uart.o(i.HAL_UART_RxCpltCallback), (2 bytes).
    Removing stm32f1xx_hal_uart.o(i.HAL_UART_RxHalfCpltCallback), (2 bytes).
    Removing stm32f1xx_hal_uart.o(i.HAL_UART_Transmit), (190 bytes).
    Removing stm32f1xx_hal_uart.o(i.HAL_UART_Transmit_DMA), (140 bytes).
    Removing stm32f1xx_hal_uart.o(i.HAL_UART_Transmit_IT), (56 bytes).
    Removing stm32f1xx_hal_uart.o(i.HAL_UART_TxCpltCallback), (2 bytes).
    Removing stm32f1xx_hal_uart.o(i.HAL_UART_TxHalfCpltCallback), (2 bytes).
    Removing stm32f1xx_hal_uart.o(i.UART_DMAAbortOnError), (20 bytes).
    Removing stm32f1xx_hal_uart.o(i.UART_DMAError), (80 bytes).
    Removing stm32f1xx_hal_uart.o(i.UART_DMAReceiveCplt), (180 bytes).
    Removing stm32f1xx_hal_uart.o(i.UART_DMARxAbortCallback), (56 bytes).
    Removing stm32f1xx_hal_uart.o(i.UART_DMARxHalfCplt), (36 bytes).
    Removing stm32f1xx_hal_uart.o(i.UART_DMARxOnlyAbortCallback), (28 bytes).
    Removing stm32f1xx_hal_uart.o(i.UART_DMATransmitCplt), (88 bytes).
    Removing stm32f1xx_hal_uart.o(i.UART_DMATxAbortCallback), (56 bytes).
    Removing stm32f1xx_hal_uart.o(i.UART_DMATxHalfCplt), (14 bytes).
    Removing stm32f1xx_hal_uart.o(i.UART_DMATxOnlyAbortCallback), (24 bytes).
    Removing stm32f1xx_hal_uart.o(i.UART_EndRxTransfer), (108 bytes).
    Removing stm32f1xx_hal_uart.o(i.UART_EndTransmit_IT), (32 bytes).
    Removing stm32f1xx_hal_uart.o(i.UART_EndTxTransfer), (38 bytes).
    Removing stm32f1xx_hal_uart.o(i.UART_Receive_IT), (252 bytes).
    Removing stm32f1xx_hal_uart.o(i.UART_Start_Receive_DMA), (200 bytes).
    Removing stm32f1xx_hal_uart.o(i.UART_Start_Receive_IT), (64 bytes).
    Removing stm32f1xx_hal_uart.o(i.UART_Transmit_IT), (96 bytes).
    Removing stm32f1xx_hal_uart.o(i.UART_WaitOnFlagUntilTimeout), (140 bytes).
    Removing stm32f1xx_hal.o(.rev16_text), (4 bytes).
    Removing stm32f1xx_hal.o(.revsh_text), (4 bytes).
    Removing stm32f1xx_hal.o(.rrx_text), (6 bytes).
    Removing stm32f1xx_hal.o(i.HAL_DBGMCU_DisableDBGSleepMode), (20 bytes).
    Removing stm32f1xx_hal.o(i.HAL_DBGMCU_DisableDBGStandbyMode), (20 bytes).
    Removing stm32f1xx_hal.o(i.HAL_DBGMCU_DisableDBGStopMode), (20 bytes).
    Removing stm32f1xx_hal.o(i.HAL_DBGMCU_EnableDBGSleepMode), (20 bytes).
    Removing stm32f1xx_hal.o(i.HAL_DBGMCU_EnableDBGStandbyMode), (20 bytes).
    Removing stm32f1xx_hal.o(i.HAL_DBGMCU_EnableDBGStopMode), (20 bytes).
    Removing stm32f1xx_hal.o(i.HAL_DeInit), (36 bytes).
    Removing stm32f1xx_hal.o(i.HAL_Delay), (40 bytes).
    Removing stm32f1xx_hal.o(i.HAL_GetDEVID), (16 bytes).
    Removing stm32f1xx_hal.o(i.HAL_GetHalVersion), (8 bytes).
    Removing stm32f1xx_hal.o(i.HAL_GetREVID), (12 bytes).
    Removing stm32f1xx_hal.o(i.HAL_GetTickFreq), (12 bytes).
    Removing stm32f1xx_hal.o(i.HAL_GetTickPrio), (12 bytes).
    Removing stm32f1xx_hal.o(i.HAL_GetUIDw0), (12 bytes).
    Removing stm32f1xx_hal.o(i.HAL_GetUIDw1), (12 bytes).
    Removing stm32f1xx_hal.o(i.HAL_GetUIDw2), (12 bytes).
    Removing stm32f1xx_hal.o(i.HAL_MspDeInit), (2 bytes).
    Removing stm32f1xx_hal.o(i.HAL_MspInit), (2 bytes).
    Removing stm32f1xx_hal.o(i.HAL_ResumeTick), (18 bytes).
    Removing stm32f1xx_hal.o(i.HAL_SetTickFreq), (48 bytes).
    Removing stm32f1xx_hal.o(i.HAL_SuspendTick), (18 bytes).
    Removing stm32f1xx_hal_rcc.o(.rev16_text), (4 bytes).
    Removing stm32f1xx_hal_rcc.o(.revsh_text), (4 bytes).
    Removing stm32f1xx_hal_rcc.o(.rrx_text), (6 bytes).
    Removing stm32f1xx_hal_rcc.o(i.HAL_RCC_CSSCallback), (2 bytes).
    Removing stm32f1xx_hal_rcc.o(i.HAL_RCC_DeInit), (272 bytes).
    Removing stm32f1xx_hal_rcc.o(i.HAL_RCC_DisableCSS), (12 bytes).
    Removing stm32f1xx_hal_rcc.o(i.HAL_RCC_EnableCSS), (12 bytes).
    Removing stm32f1xx_hal_rcc.o(i.HAL_RCC_GetClockConfig), (68 bytes).
    Removing stm32f1xx_hal_rcc.o(i.HAL_RCC_GetOscConfig), (200 bytes).
    Removing stm32f1xx_hal_rcc.o(i.HAL_RCC_MCOConfig), (100 bytes).
    Removing stm32f1xx_hal_rcc.o(i.HAL_RCC_NMI_IRQHandler), (32 bytes).
    Removing stm32f1xx_hal_rcc_ex.o(.rev16_text), (4 bytes).
    Removing stm32f1xx_hal_rcc_ex.o(.revsh_text), (4 bytes).
    Removing stm32f1xx_hal_rcc_ex.o(.rrx_text), (6 bytes).
    Removing stm32f1xx_hal_rcc_ex.o(i.HAL_RCCEx_GetPeriphCLKConfig), (60 bytes).
    Removing stm32f1xx_hal_rcc_ex.o(i.HAL_RCCEx_GetPeriphCLKFreq), (252 bytes).
    Removing stm32f1xx_hal_rcc_ex.o(i.HAL_RCCEx_PeriphCLKConfig), (304 bytes).
    Removing stm32f1xx_hal_rcc_ex.o(.constdata), (18 bytes).
    Removing stm32f1xx_hal_gpio.o(.rev16_text), (4 bytes).
    Removing stm32f1xx_hal_gpio.o(.revsh_text), (4 bytes).
    Removing stm32f1xx_hal_gpio.o(.rrx_text), (6 bytes).
    Removing stm32f1xx_hal_gpio.o(i.HAL_GPIO_DeInit), (308 bytes).
    Removing stm32f1xx_hal_gpio.o(i.HAL_GPIO_EXTI_Callback), (2 bytes).
    Removing stm32f1xx_hal_gpio.o(i.HAL_GPIO_EXTI_IRQHandler), (28 bytes).
    Removing stm32f1xx_hal_gpio.o(i.HAL_GPIO_LockPin), (46 bytes).
    Removing stm32f1xx_hal_gpio.o(i.HAL_GPIO_TogglePin), (20 bytes).
    Removing stm32f1xx_hal_dma.o(.rev16_text), (4 bytes).
    Removing stm32f1xx_hal_dma.o(.revsh_text), (4 bytes).
    Removing stm32f1xx_hal_dma.o(.rrx_text), (6 bytes).
    Removing stm32f1xx_hal_dma.o(i.DMA_SetConfig), (44 bytes).
    Removing stm32f1xx_hal_dma.o(i.HAL_DMA_Abort), (86 bytes).
    Removing stm32f1xx_hal_dma.o(i.HAL_DMA_Abort_IT), (176 bytes).
    Removing stm32f1xx_hal_dma.o(i.HAL_DMA_DeInit), (104 bytes).
    Removing stm32f1xx_hal_dma.o(i.HAL_DMA_GetError), (6 bytes).
    Removing stm32f1xx_hal_dma.o(i.HAL_DMA_GetState), (8 bytes).
    Removing stm32f1xx_hal_dma.o(i.HAL_DMA_IRQHandler), (412 bytes).
    Removing stm32f1xx_hal_dma.o(i.HAL_DMA_Init), (104 bytes).
    Removing stm32f1xx_hal_dma.o(i.HAL_DMA_PollForTransfer), (692 bytes).
    Removing stm32f1xx_hal_dma.o(i.HAL_DMA_RegisterCallback), (90 bytes).
    Removing stm32f1xx_hal_dma.o(i.HAL_DMA_Start), (114 bytes).
    Removing stm32f1xx_hal_dma.o(i.HAL_DMA_Start_IT), (156 bytes).
    Removing stm32f1xx_hal_dma.o(i.HAL_DMA_UnRegisterCallback), (106 bytes).
    Removing stm32f1xx_hal_cortex.o(.rev16_text), (4 bytes).
    Removing stm32f1xx_hal_cortex.o(.revsh_text), (4 bytes).
    Removing stm32f1xx_hal_cortex.o(.rrx_text), (6 bytes).
    Removing stm32f1xx_hal_cortex.o(i.HAL_NVIC_ClearPendingIRQ), (36 bytes).
    Removing stm32f1xx_hal_cortex.o(i.HAL_NVIC_DisableIRQ), (68 bytes).
    Removing stm32f1xx_hal_cortex.o(i.HAL_NVIC_EnableIRQ), (32 bytes).
    Removing stm32f1xx_hal_cortex.o(i.HAL_NVIC_GetActive), (48 bytes).
    Removing stm32f1xx_hal_cortex.o(i.HAL_NVIC_GetPendingIRQ), (48 bytes).
    Removing stm32f1xx_hal_cortex.o(i.HAL_NVIC_GetPriority), (148 bytes).
    Removing stm32f1xx_hal_cortex.o(i.HAL_NVIC_GetPriorityGrouping), (8 bytes).
    Removing stm32f1xx_hal_cortex.o(i.HAL_NVIC_SetPendingIRQ), (36 bytes).
    Removing stm32f1xx_hal_cortex.o(i.HAL_NVIC_SystemReset), (68 bytes).
    Removing stm32f1xx_hal_cortex.o(i.HAL_SYSTICK_CLKSourceConfig), (40 bytes).
    Removing stm32f1xx_hal_cortex.o(i.HAL_SYSTICK_Callback), (2 bytes).
    Removing stm32f1xx_hal_cortex.o(i.HAL_SYSTICK_IRQHandler), (8 bytes).
    Removing stm32f1xx_hal_pwr.o(.rev16_text), (4 bytes).
    Removing stm32f1xx_hal_pwr.o(.revsh_text), (4 bytes).
    Removing stm32f1xx_hal_pwr.o(.rrx_text), (6 bytes).
    Removing stm32f1xx_hal_pwr.o(i.HAL_PWR_ConfigPVD), (180 bytes).
    Removing stm32f1xx_hal_pwr.o(i.HAL_PWR_DeInit), (28 bytes).
    Removing stm32f1xx_hal_pwr.o(i.HAL_PWR_DisableBkUpAccess), (12 bytes).
    Removing stm32f1xx_hal_pwr.o(i.HAL_PWR_DisablePVD), (12 bytes).
    Removing stm32f1xx_hal_pwr.o(i.HAL_PWR_DisableSEVOnPend), (20 bytes).
    Removing stm32f1xx_hal_pwr.o(i.HAL_PWR_DisableSleepOnExit), (20 bytes).
    Removing stm32f1xx_hal_pwr.o(i.HAL_PWR_DisableWakeUpPin), (28 bytes).
    Removing stm32f1xx_hal_pwr.o(i.HAL_PWR_EnableBkUpAccess), (12 bytes).
    Removing stm32f1xx_hal_pwr.o(i.HAL_PWR_EnablePVD), (12 bytes).
    Removing stm32f1xx_hal_pwr.o(i.HAL_PWR_EnableSEVOnPend), (20 bytes).
    Removing stm32f1xx_hal_pwr.o(i.HAL_PWR_EnableSleepOnExit), (20 bytes).
    Removing stm32f1xx_hal_pwr.o(i.HAL_PWR_EnableWakeUpPin), (28 bytes).
    Removing stm32f1xx_hal_pwr.o(i.HAL_PWR_EnterSLEEPMode), (32 bytes).
    Removing stm32f1xx_hal_pwr.o(i.HAL_PWR_EnterSTANDBYMode), (40 bytes).
    Removing stm32f1xx_hal_pwr.o(i.HAL_PWR_EnterSTOPMode), (84 bytes).
    Removing stm32f1xx_hal_pwr.o(i.HAL_PWR_PVDCallback), (2 bytes).
    Removing stm32f1xx_hal_pwr.o(i.HAL_PWR_PVD_IRQHandler), (32 bytes).
    Removing stm32f1xx_hal_pwr.o(i.PWR_OverloadWfe), (6 bytes).
    Removing stm32f1xx_hal_flash.o(.rev16_text), (4 bytes).
    Removing stm32f1xx_hal_flash.o(.revsh_text), (4 bytes).
    Removing stm32f1xx_hal_flash.o(.rrx_text), (6 bytes).
    Removing stm32f1xx_hal_flash.o(i.FLASH_Program_HalfWord), (32 bytes).
    Removing stm32f1xx_hal_flash.o(i.FLASH_SetErrorCode), (132 bytes).
    Removing stm32f1xx_hal_flash.o(i.FLASH_WaitForLastOperation), (112 bytes).
    Removing stm32f1xx_hal_flash.o(i.HAL_FLASH_EndOfOperationCallback), (2 bytes).
    Removing stm32f1xx_hal_flash.o(i.HAL_FLASH_GetError), (12 bytes).
    Removing stm32f1xx_hal_flash.o(i.HAL_FLASH_IRQHandler), (376 bytes).
    Removing stm32f1xx_hal_flash.o(i.HAL_FLASH_Lock), (20 bytes).
    Removing stm32f1xx_hal_flash.o(i.HAL_FLASH_OB_Launch), (8 bytes).
    Removing stm32f1xx_hal_flash.o(i.HAL_FLASH_OB_Lock), (20 bytes).
    Removing stm32f1xx_hal_flash.o(i.HAL_FLASH_OB_Unlock), (44 bytes).
    Removing stm32f1xx_hal_flash.o(i.HAL_FLASH_OperationErrorCallback), (2 bytes).
    Removing stm32f1xx_hal_flash.o(i.HAL_FLASH_Program), (176 bytes).
    Removing stm32f1xx_hal_flash.o(i.HAL_FLASH_Program_IT), (100 bytes).
    Removing stm32f1xx_hal_flash.o(i.HAL_FLASH_Unlock), (48 bytes).
    Removing stm32f1xx_hal_flash.o(.bss), (32 bytes).
    Removing stm32f1xx_hal_flash_ex.o(.rev16_text), (4 bytes).
    Removing stm32f1xx_hal_flash_ex.o(.revsh_text), (4 bytes).
    Removing stm32f1xx_hal_flash_ex.o(.rrx_text), (6 bytes).
    Removing stm32f1xx_hal_flash_ex.o(i.FLASH_MassErase), (40 bytes).
    Removing stm32f1xx_hal_flash_ex.o(i.FLASH_OB_DisableWRP), (232 bytes).
    Removing stm32f1xx_hal_flash_ex.o(i.FLASH_OB_EnableWRP), (236 bytes).
    Removing stm32f1xx_hal_flash_ex.o(i.FLASH_OB_GetRDP), (28 bytes).
    Removing stm32f1xx_hal_flash_ex.o(i.FLASH_OB_GetUser), (16 bytes).
    Removing stm32f1xx_hal_flash_ex.o(i.FLASH_OB_GetWRP), (12 bytes).
    Removing stm32f1xx_hal_flash_ex.o(i.FLASH_OB_ProgramData), (76 bytes).
    Removing stm32f1xx_hal_flash_ex.o(i.FLASH_OB_RDP_LevelConfig), (124 bytes).
    Removing stm32f1xx_hal_flash_ex.o(i.FLASH_OB_UserConfig), (84 bytes).
    Removing stm32f1xx_hal_flash_ex.o(i.FLASH_PageErase), (40 bytes).
    Removing stm32f1xx_hal_flash_ex.o(i.HAL_FLASHEx_Erase), (176 bytes).
    Removing stm32f1xx_hal_flash_ex.o(i.HAL_FLASHEx_Erase_IT), (80 bytes).
    Removing stm32f1xx_hal_flash_ex.o(i.HAL_FLASHEx_OBErase), (96 bytes).
    Removing stm32f1xx_hal_flash_ex.o(i.HAL_FLASHEx_OBGetConfig), (28 bytes).
    Removing stm32f1xx_hal_flash_ex.o(i.HAL_FLASHEx_OBGetUserData), (40 bytes).
    Removing stm32f1xx_hal_flash_ex.o(i.HAL_FLASHEx_OBProgram), (200 bytes).
    Removing stm32f1xx_hal_exti.o(.rev16_text), (4 bytes).
    Removing stm32f1xx_hal_exti.o(.revsh_text), (4 bytes).
    Removing stm32f1xx_hal_exti.o(.rrx_text), (6 bytes).
    Removing stm32f1xx_hal_exti.o(i.HAL_EXTI_ClearConfigLine), (120 bytes).
    Removing stm32f1xx_hal_exti.o(i.HAL_EXTI_ClearPending), (28 bytes).
    Removing stm32f1xx_hal_exti.o(i.HAL_EXTI_GenerateSWI), (24 bytes).
    Removing stm32f1xx_hal_exti.o(i.HAL_EXTI_GetConfigLine), (156 bytes).
    Removing stm32f1xx_hal_exti.o(i.HAL_EXTI_GetHandle), (14 bytes).
    Removing stm32f1xx_hal_exti.o(i.HAL_EXTI_GetPending), (36 bytes).
    Removing stm32f1xx_hal_exti.o(i.HAL_EXTI_IRQHandler), (44 bytes).
    Removing stm32f1xx_hal_exti.o(i.HAL_EXTI_RegisterCallback), (20 bytes).
    Removing stm32f1xx_hal_exti.o(i.HAL_EXTI_SetConfigLine), (240 bytes).
    Removing system_stm32f1xx.o(.rev16_text), (4 bytes).
    Removing system_stm32f1xx.o(.revsh_text), (4 bytes).
    Removing system_stm32f1xx.o(.rrx_text), (6 bytes).
    Removing system_stm32f1xx.o(i.SystemCoreClockUpdate), (164 bytes).
    Removing com_debug.o(.rev16_text), (4 bytes).
    Removing com_debug.o(.revsh_text), (4 bytes).
    Removing com_debug.o(.rrx_text), (6 bytes).
    Removing com_debug.o(i.fputc), (28 bytes).
    Removing event_groups.o(i.prvTestWaitCondition), (30 bytes).
    Removing event_groups.o(i.vEventGroupClearBitsCallback), (16 bytes).
    Removing event_groups.o(i.vEventGroupDelete), (42 bytes).
    Removing event_groups.o(i.vEventGroupSetBitsCallback), (16 bytes).
    Removing event_groups.o(i.xEventGroupClearBits), (32 bytes).
    Removing event_groups.o(i.xEventGroupCreate), (26 bytes).
    Removing event_groups.o(i.xEventGroupGetBitsFromISR), (44 bytes).
    Removing event_groups.o(i.xEventGroupSetBits), (146 bytes).
    Removing event_groups.o(i.xEventGroupSync), (168 bytes).
    Removing event_groups.o(i.xEventGroupWaitBits), (204 bytes).
    Removing list.o(i.vListInsertEnd), (24 bytes).
    Removing queue.o(i.prvCopyDataFromQueue), (42 bytes).
    Removing queue.o(i.prvCopyDataToQueue), (106 bytes).
    Removing queue.o(i.prvInitialiseNewQueue), (38 bytes).
    Removing queue.o(i.prvIsQueueEmpty), (26 bytes).
    Removing queue.o(i.prvIsQueueFull), (30 bytes).
    Removing queue.o(i.prvUnlockQueue), (126 bytes).
    Removing queue.o(i.uxQueueMessagesWaiting), (18 bytes).
    Removing queue.o(i.uxQueueMessagesWaitingFromISR), (8 bytes).
    Removing queue.o(i.uxQueueSpacesAvailable), (24 bytes).
    Removing queue.o(i.vQueueDelete), (14 bytes).
    Removing queue.o(i.xQueueGenericCreate), (76 bytes).
    Removing queue.o(i.xQueueGenericReset), (160 bytes).
    Removing queue.o(i.xQueueGenericSend), (280 bytes).
    Removing queue.o(i.xQueueGenericSendFromISR), (152 bytes).
    Removing queue.o(i.xQueueGiveFromISR), (132 bytes).
    Removing queue.o(i.xQueueIsQueueEmptyFromISR), (16 bytes).
    Removing queue.o(i.xQueueIsQueueFullFromISR), (22 bytes).
    Removing queue.o(i.xQueuePeek), (268 bytes).
    Removing queue.o(i.xQueuePeekFromISR), (74 bytes).
    Removing queue.o(i.xQueueReceive), (260 bytes).
    Removing queue.o(i.xQueueReceiveFromISR), (140 bytes).
    Removing queue.o(i.xQueueSemaphoreTake), (240 bytes).
    Removing stream_buffer.o(i.prvBytesInBuffer), (24 bytes).
    Removing stream_buffer.o(i.prvInitialiseNewStreamBuffer), (42 bytes).
    Removing stream_buffer.o(i.prvReadBytesFromBuffer), (76 bytes).
    Removing stream_buffer.o(i.prvReadMessageFromBuffer), (90 bytes).
    Removing stream_buffer.o(i.prvWriteBytesToBuffer), (76 bytes).
    Removing stream_buffer.o(i.prvWriteMessageToBuffer), (88 bytes).
    Removing stream_buffer.o(i.vStreamBufferDelete), (32 bytes).
    Removing stream_buffer.o(i.xStreamBufferBytesAvailable), (18 bytes).
    Removing stream_buffer.o(i.xStreamBufferGenericCreate), (82 bytes).
    Removing stream_buffer.o(i.xStreamBufferIsEmpty), (22 bytes).
    Removing stream_buffer.o(i.xStreamBufferIsFull), (40 bytes).
    Removing stream_buffer.o(i.xStreamBufferNextMessageLengthBytes), (52 bytes).
    Removing stream_buffer.o(i.xStreamBufferReceive), (176 bytes).
    Removing stream_buffer.o(i.xStreamBufferReceiveCompletedFromISR), (80 bytes).
    Removing stream_buffer.o(i.xStreamBufferReceiveFromISR), (132 bytes).
    Removing stream_buffer.o(i.xStreamBufferReset), (56 bytes).
    Removing stream_buffer.o(i.xStreamBufferSend), (226 bytes).
    Removing stream_buffer.o(i.xStreamBufferSendCompletedFromISR), (80 bytes).
    Removing stream_buffer.o(i.xStreamBufferSendFromISR), (134 bytes).
    Removing stream_buffer.o(i.xStreamBufferSetTriggerLevel), (26 bytes).
    Removing stream_buffer.o(i.xStreamBufferSpacesAvailable), (40 bytes).
    Removing tasks.o(i.pcTaskGetName), (24 bytes).
    Removing tasks.o(i.prvTaskIsTaskSuspended), (64 bytes).
    Removing tasks.o(i.ulTaskGenericNotifyTake), (136 bytes).
    Removing tasks.o(i.ulTaskGenericNotifyValueClear), (64 bytes).
    Removing tasks.o(i.uxTaskGetNumberOfTasks), (12 bytes).
    Removing tasks.o(i.uxTaskPriorityGet), (36 bytes).
    Removing tasks.o(i.uxTaskPriorityGetFromISR), (56 bytes).
    Removing tasks.o(i.uxTaskResetEventItemValue), (28 bytes).
    Removing tasks.o(i.vTaskDelete), (212 bytes).
    Removing tasks.o(i.vTaskEndScheduler), (36 bytes).
    Removing tasks.o(i.vTaskGenericNotifyGiveFromISR), (336 bytes).
    Removing tasks.o(i.vTaskInternalSetTimeOutState), (24 bytes).
    Removing tasks.o(i.vTaskMissedYield), (12 bytes).
    Removing tasks.o(i.vTaskPlaceOnEventList), (32 bytes).
    Removing tasks.o(i.vTaskPlaceOnUnorderedEventList), (80 bytes).
    Removing tasks.o(i.vTaskPrioritySet), (284 bytes).
    Removing tasks.o(i.vTaskRemoveFromUnorderedEventList), (208 bytes).
    Removing tasks.o(i.vTaskResume), (172 bytes).
    Removing tasks.o(i.vTaskSetTimeOutState), (36 bytes).
    Removing tasks.o(i.vTaskSuspend), (216 bytes).
    Removing tasks.o(i.xTaskCatchUpTicks), (40 bytes).
    Removing tasks.o(i.xTaskCheckForTimeOut), (96 bytes).
    Removing tasks.o(i.xTaskDelayUntil), (116 bytes).
    Removing tasks.o(i.xTaskGenericNotify), (332 bytes).
    Removing tasks.o(i.xTaskGenericNotifyFromISR), (504 bytes).
    Removing tasks.o(i.xTaskGenericNotifyStateClear), (64 bytes).
    Removing tasks.o(i.xTaskGenericNotifyWait), (172 bytes).
    Removing tasks.o(i.xTaskGetCurrentTaskHandle), (12 bytes).
    Removing tasks.o(i.xTaskGetTickCountFromISR), (12 bytes).
    Removing tasks.o(i.xTaskRemoveFromEventList), (264 bytes).
    Removing tasks.o(i.xTaskResumeFromISR), (216 bytes).
    Removing heap_4.o(i.pvPortCalloc), (54 bytes).
    Removing heap_4.o(i.vPortGetHeapStats), (128 bytes).
    Removing heap_4.o(i.vPortInitialiseBlocks), (2 bytes).
    Removing heap_4.o(i.xPortGetFreeHeapSize), (12 bytes).
    Removing heap_4.o(i.xPortGetMinimumEverFreeHeapSize), (12 bytes).
    Removing port.o(i.vPortEndScheduler), (2 bytes).
    Removing app_freertos.o(.rev16_text), (4 bytes).
    Removing app_freertos.o(.revsh_text), (4 bytes).
    Removing app_freertos.o(.rrx_text), (6 bytes).
    Removing app_datetime.o(.rev16_text), (4 bytes).
    Removing app_datetime.o(.revsh_text), (4 bytes).
    Removing app_datetime.o(.rrx_text), (6 bytes).
    Removing app_show.o(.rev16_text), (4 bytes).
    Removing app_show.o(.revsh_text), (4 bytes).
    Removing app_show.o(.rrx_text), (6 bytes).
    Removing app_show.o(i.App_show_start), (20 bytes).
    Removing app_switch.o(.rev16_text), (4 bytes).
    Removing app_switch.o(.revsh_text), (4 bytes).
    Removing app_switch.o(.rrx_text), (6 bytes).
    Removing inf_key.o(.rev16_text), (4 bytes).
    Removing inf_key.o(.revsh_text), (4 bytes).
    Removing inf_key.o(.rrx_text), (6 bytes).
    Removing inf_key.o(i.Inf_key_init), (2 bytes).
    Removing inf_touch.o(.rev16_text), (4 bytes).
    Removing inf_touch.o(.revsh_text), (4 bytes).
    Removing inf_touch.o(.rrx_text), (6 bytes).
    Removing inf_mic.o(.rev16_text), (4 bytes).
    Removing inf_mic.o(.revsh_text), (4 bytes).
    Removing inf_mic.o(.rrx_text), (6 bytes).
    Removing inf_ds1302z.o(.rev16_text), (4 bytes).
    Removing inf_ds1302z.o(.revsh_text), (4 bytes).
    Removing inf_ds1302z.o(.rrx_text), (6 bytes).
    Removing inf_dht11.o(.rev16_text), (4 bytes).
    Removing inf_dht11.o(.revsh_text), (4 bytes).
    Removing inf_dht11.o(.rrx_text), (6 bytes).
    Removing inf_nv02d.o(.rev16_text), (4 bytes).
    Removing inf_nv02d.o(.revsh_text), (4 bytes).
    Removing inf_nv02d.o(.rrx_text), (6 bytes).
    Removing inf_nv02d.o(i.Inf_NV02D_send_byte), (140 bytes).
    Removing inf_nv02d.o(i.Inf_NV02D_set_volume), (22 bytes).
    Removing inf_nv02d.o(i.Inf_NV02D_stop), (10 bytes).
    Removing inf_led.o(.rev16_text), (4 bytes).
    Removing inf_led.o(.revsh_text), (4 bytes).
    Removing inf_led.o(.rrx_text), (6 bytes).
    Removing inf_led.o(i.Inf_LED_Set_clock), (172 bytes).
    Removing inf_led.o(i.Inf_LED_TIME_SET), (260 bytes).
    Removing inf_led.o(i.Inf_LED_start), (20 bytes).
    Removing inf_led.o(i.Inf_led_time_set_show_num), (168 bytes).

378 unused section(s) (total 25520 bytes) removed from the image.

==============================================================================

Image Symbol Table

    Local Symbols

    Symbol Name                              Value     Ov Type        Size  Object(Section)

    ../Core/Src/gpio.c                       0x00000000   Number         0  gpio.o ABSOLUTE
    ../Core/Src/main.c                       0x00000000   Number         0  main.o ABSOLUTE
    ../Core/Src/stm32f1xx_hal_msp.c          0x00000000   Number         0  stm32f1xx_hal_msp.o ABSOLUTE
    ../Core/Src/stm32f1xx_it.c               0x00000000   Number         0  stm32f1xx_it.o ABSOLUTE
    ../Core/Src/system_stm32f1xx.c           0x00000000   Number         0  system_stm32f1xx.o ABSOLUTE
    ../Core/Src/usart.c                      0x00000000   Number         0  usart.o ABSOLUTE
    ../Drivers/STM32F1xx_HAL_Driver/Src/stm32f1xx_hal.c 0x00000000   Number         0  stm32f1xx_hal.o ABSOLUTE
    ../Drivers/STM32F1xx_HAL_Driver/Src/stm32f1xx_hal_cortex.c 0x00000000   Number         0  stm32f1xx_hal_cortex.o ABSOLUTE
    ../Drivers/STM32F1xx_HAL_Driver/Src/stm32f1xx_hal_dma.c 0x00000000   Number         0  stm32f1xx_hal_dma.o ABSOLUTE
    ../Drivers/STM32F1xx_HAL_Driver/Src/stm32f1xx_hal_exti.c 0x00000000   Number         0  stm32f1xx_hal_exti.o ABSOLUTE
    ../Drivers/STM32F1xx_HAL_Driver/Src/stm32f1xx_hal_flash.c 0x00000000   Number         0  stm32f1xx_hal_flash.o ABSOLUTE
    ../Drivers/STM32F1xx_HAL_Driver/Src/stm32f1xx_hal_flash_ex.c 0x00000000   Number         0  stm32f1xx_hal_flash_ex.o ABSOLUTE
    ../Drivers/STM32F1xx_HAL_Driver/Src/stm32f1xx_hal_gpio.c 0x00000000   Number         0  stm32f1xx_hal_gpio.o ABSOLUTE
    ../Drivers/STM32F1xx_HAL_Driver/Src/stm32f1xx_hal_gpio_ex.c 0x00000000   Number         0  stm32f1xx_hal_gpio_ex.o ABSOLUTE
    ../Drivers/STM32F1xx_HAL_Driver/Src/stm32f1xx_hal_pwr.c 0x00000000   Number         0  stm32f1xx_hal_pwr.o ABSOLUTE
    ../Drivers/STM32F1xx_HAL_Driver/Src/stm32f1xx_hal_rcc.c 0x00000000   Number         0  stm32f1xx_hal_rcc.o ABSOLUTE
    ../Drivers/STM32F1xx_HAL_Driver/Src/stm32f1xx_hal_rcc_ex.c 0x00000000   Number         0  stm32f1xx_hal_rcc_ex.o ABSOLUTE
    ../Drivers/STM32F1xx_HAL_Driver/Src/stm32f1xx_hal_uart.c 0x00000000   Number         0  stm32f1xx_hal_uart.o ABSOLUTE
    ../clib/../cmprslib/zerorunl2.c          0x00000000   Number         0  __dczerorl2.o ABSOLUTE
    ../clib/microlib/init/entry.s            0x00000000   Number         0  entry.o ABSOLUTE
    ../clib/microlib/init/entry.s            0x00000000   Number         0  entry5.o ABSOLUTE
    ../clib/microlib/init/entry.s            0x00000000   Number         0  entry11b.o ABSOLUTE
    ../clib/microlib/init/entry.s            0x00000000   Number         0  entry7a.o ABSOLUTE
    ../clib/microlib/init/entry.s            0x00000000   Number         0  entry8a.o ABSOLUTE
    ../clib/microlib/init/entry.s            0x00000000   Number         0  entry8b.o ABSOLUTE
    ../clib/microlib/init/entry.s            0x00000000   Number         0  entry7b.o ABSOLUTE
    ../clib/microlib/init/entry.s            0x00000000   Number         0  entry11a.o ABSOLUTE
    ../clib/microlib/init/entry.s            0x00000000   Number         0  entry10b.o ABSOLUTE
    ../clib/microlib/init/entry.s            0x00000000   Number         0  entry9a.o ABSOLUTE
    ../clib/microlib/init/entry.s            0x00000000   Number         0  entry10a.o ABSOLUTE
    ../clib/microlib/init/entry.s            0x00000000   Number         0  entry9b.o ABSOLUTE
    ../clib/microlib/init/entry.s            0x00000000   Number         0  entry2.o ABSOLUTE
    ../clib/microlib/longlong.c              0x00000000   Number         0  llushr.o ABSOLUTE
    ../clib/microlib/string/memcpy.c         0x00000000   Number         0  memcpya.o ABSOLUTE
    ../clib/microlib/string/memcpy.c         0x00000000   Number         0  memcpyb.o ABSOLUTE
    ../clib/microlib/string/memset.c         0x00000000   Number         0  memseta.o ABSOLUTE
    ..\Core\Src\gpio.c                       0x00000000   Number         0  gpio.o ABSOLUTE
    ..\Core\Src\main.c                       0x00000000   Number         0  main.o ABSOLUTE
    ..\Core\Src\stm32f1xx_hal_msp.c          0x00000000   Number         0  stm32f1xx_hal_msp.o ABSOLUTE
    ..\Core\Src\stm32f1xx_it.c               0x00000000   Number         0  stm32f1xx_it.o ABSOLUTE
    ..\Core\Src\system_stm32f1xx.c           0x00000000   Number         0  system_stm32f1xx.o ABSOLUTE
    ..\Core\Src\usart.c                      0x00000000   Number         0  usart.o ABSOLUTE
    ..\Drivers\STM32F1xx_HAL_Driver\Src\stm32f1xx_hal.c 0x00000000   Number         0  stm32f1xx_hal.o ABSOLUTE
    ..\Drivers\STM32F1xx_HAL_Driver\Src\stm32f1xx_hal_cortex.c 0x00000000   Number         0  stm32f1xx_hal_cortex.o ABSOLUTE
    ..\Drivers\STM32F1xx_HAL_Driver\Src\stm32f1xx_hal_dma.c 0x00000000   Number         0  stm32f1xx_hal_dma.o ABSOLUTE
    ..\Drivers\STM32F1xx_HAL_Driver\Src\stm32f1xx_hal_exti.c 0x00000000   Number         0  stm32f1xx_hal_exti.o ABSOLUTE
    ..\Drivers\STM32F1xx_HAL_Driver\Src\stm32f1xx_hal_flash.c 0x00000000   Number         0  stm32f1xx_hal_flash.o ABSOLUTE
    ..\Drivers\STM32F1xx_HAL_Driver\Src\stm32f1xx_hal_flash_ex.c 0x00000000   Number         0  stm32f1xx_hal_flash_ex.o ABSOLUTE
    ..\Drivers\STM32F1xx_HAL_Driver\Src\stm32f1xx_hal_gpio.c 0x00000000   Number         0  stm32f1xx_hal_gpio.o ABSOLUTE
    ..\Drivers\STM32F1xx_HAL_Driver\Src\stm32f1xx_hal_gpio_ex.c 0x00000000   Number         0  stm32f1xx_hal_gpio_ex.o ABSOLUTE
    ..\Drivers\STM32F1xx_HAL_Driver\Src\stm32f1xx_hal_pwr.c 0x00000000   Number         0  stm32f1xx_hal_pwr.o ABSOLUTE
    ..\Drivers\STM32F1xx_HAL_Driver\Src\stm32f1xx_hal_rcc.c 0x00000000   Number         0  stm32f1xx_hal_rcc.o ABSOLUTE
    ..\Drivers\STM32F1xx_HAL_Driver\Src\stm32f1xx_hal_rcc_ex.c 0x00000000   Number         0  stm32f1xx_hal_rcc_ex.o ABSOLUTE
    ..\Drivers\STM32F1xx_HAL_Driver\Src\stm32f1xx_hal_uart.c 0x00000000   Number         0  stm32f1xx_hal_uart.o ABSOLUTE
    application\App_dateTime.c               0x00000000   Number         0  app_datetime.o ABSOLUTE
    application\App_freeRTOS.c               0x00000000   Number         0  app_freertos.o ABSOLUTE
    application\App_show.c                   0x00000000   Number         0  app_show.o ABSOLUTE
    application\App_switch.c                 0x00000000   Number         0  app_switch.o ABSOLUTE
    application\\App_dateTime.c              0x00000000   Number         0  app_datetime.o ABSOLUTE
    application\\App_freeRTOS.c              0x00000000   Number         0  app_freertos.o ABSOLUTE
    application\\App_show.c                  0x00000000   Number         0  app_show.o ABSOLUTE
    application\\App_switch.c                0x00000000   Number         0  app_switch.o ABSOLUTE
    common\Com_debug.c                       0x00000000   Number         0  com_debug.o ABSOLUTE
    common\\Com_debug.c                      0x00000000   Number         0  com_debug.o ABSOLUTE
    dc.s                                     0x00000000   Number         0  dc.o ABSOLUTE
    freeRTOS\Portable\heap_4.c               0x00000000   Number         0  heap_4.o ABSOLUTE
    freeRTOS\Portable\port.c                 0x00000000   Number         0  port.o ABSOLUTE
    freeRTOS\Source\croutine.c               0x00000000   Number         0  croutine.o ABSOLUTE
    freeRTOS\Source\event_groups.c           0x00000000   Number         0  event_groups.o ABSOLUTE
    freeRTOS\Source\list.c                   0x00000000   Number         0  list.o ABSOLUTE
    freeRTOS\Source\queue.c                  0x00000000   Number         0  queue.o ABSOLUTE
    freeRTOS\Source\stream_buffer.c          0x00000000   Number         0  stream_buffer.o ABSOLUTE
    freeRTOS\Source\tasks.c                  0x00000000   Number         0  tasks.o ABSOLUTE
    freeRTOS\Source\timers.c                 0x00000000   Number         0  timers.o ABSOLUTE
    freeRTOS\\Portable\\port.c               0x00000000   Number         0  port.o ABSOLUTE
    handlers.s                               0x00000000   Number         0  handlers.o ABSOLUTE
    init.s                                   0x00000000   Number         0  init.o ABSOLUTE
    interface\\inf_DHT11.c                   0x00000000   Number         0  inf_dht11.o ABSOLUTE
    interface\\inf_DS1302Z.c                 0x00000000   Number         0  inf_ds1302z.o ABSOLUTE
    interface\\inf_NV02D.c                   0x00000000   Number         0  inf_nv02d.o ABSOLUTE
    interface\\inf_key.c                     0x00000000   Number         0  inf_key.o ABSOLUTE
    interface\\inf_led.c                     0x00000000   Number         0  inf_led.o ABSOLUTE
    interface\\inf_mic.c                     0x00000000   Number         0  inf_mic.o ABSOLUTE
    interface\\inf_touch.c                   0x00000000   Number         0  inf_touch.o ABSOLUTE
    interface\inf_DHT11.c                    0x00000000   Number         0  inf_dht11.o ABSOLUTE
    interface\inf_DS1302Z.c                  0x00000000   Number         0  inf_ds1302z.o ABSOLUTE
    interface\inf_NV02D.c                    0x00000000   Number         0  inf_nv02d.o ABSOLUTE
    interface\inf_key.c                      0x00000000   Number         0  inf_key.o ABSOLUTE
    interface\inf_led.c                      0x00000000   Number         0  inf_led.o ABSOLUTE
    interface\inf_mic.c                      0x00000000   Number         0  inf_mic.o ABSOLUTE
    interface\inf_touch.c                    0x00000000   Number         0  inf_touch.o ABSOLUTE
    startup_stm32f103xb.s                    0x00000000   Number         0  startup_stm32f103xb.o ABSOLUTE
    RESET                                    0x08000000   Section      236  startup_stm32f103xb.o(RESET)
    .ARM.Collect$$$$00000000                 0x080000ec   Section        0  entry.o(.ARM.Collect$$$$00000000)
    .ARM.Collect$$$$00000001                 0x080000ec   Section        4  entry2.o(.ARM.Collect$$$$00000001)
    .ARM.Collect$$$$00000004                 0x080000f0   Section        4  entry5.o(.ARM.Collect$$$$00000004)
    .ARM.Collect$$$$00000008                 0x080000f4   Section        0  entry7b.o(.ARM.Collect$$$$00000008)
    .ARM.Collect$$$$0000000A                 0x080000f4   Section        0  entry8b.o(.ARM.Collect$$$$0000000A)
    .ARM.Collect$$$$0000000B                 0x080000f4   Section        8  entry9a.o(.ARM.Collect$$$$0000000B)
    .ARM.Collect$$$$0000000D                 0x080000fc   Section        0  entry10a.o(.ARM.Collect$$$$0000000D)
    .ARM.Collect$$$$0000000F                 0x080000fc   Section        0  entry11a.o(.ARM.Collect$$$$0000000F)
    .ARM.Collect$$$$00002712                 0x080000fc   Section        4  entry2.o(.ARM.Collect$$$$00002712)
    __lit__00000000                          0x080000fc   Data           4  entry2.o(.ARM.Collect$$$$00002712)
    .emb_text                                0x08000100   Section      150  port.o(.emb_text)
    .text                                    0x08000198   Section       36  startup_stm32f103xb.o(.text)
    .text                                    0x080001bc   Section        0  memseta.o(.text)
    .text                                    0x080001e0   Section       36  init.o(.text)
    .text                                    0x08000204   Section        0  __dczerorl2.o(.text)
    i.App_dateTime_get                       0x0800025a   Section        0  app_datetime.o(i.App_dateTime_get)
    i.App_dateTime_set                       0x08000356   Section        0  app_datetime.o(i.App_dateTime_set)
    i.App_freeRTOS_Start                     0x08000530   Section        0  app_freertos.o(i.App_freeRTOS_Start)
    i.App_show_alarm_set                     0x080005e4   Section        0  app_show.o(i.App_show_alarm_set)
    i.App_show_alarm_set_process             0x080006e0   Section        0  app_switch.o(i.App_show_alarm_set_process)
    i.App_show_normal                        0x080008f0   Section        0  app_show.o(i.App_show_normal)
    i.App_show_time_set                      0x08000974   Section        0  app_show.o(i.App_show_time_set)
    i.App_switch_key_process                 0x08000ad8   Section        0  app_switch.o(i.App_switch_key_process)
    i.App_switch_rotary_process              0x08000bdc   Section        0  app_switch.o(i.App_switch_rotary_process)
    i.App_switch_time_set_process            0x08000c58   Section        0  app_switch.o(i.App_switch_time_set_process)
    i.BusFault_Handler                       0x08000d2c   Section        0  stm32f1xx_it.o(i.BusFault_Handler)
    i.DS1302Z_Delay_us                       0x08000d30   Section        0  inf_ds1302z.o(i.DS1302Z_Delay_us)
    i.DS1302Z_Read_Byte                      0x08000d40   Section        0  inf_ds1302z.o(i.DS1302Z_Read_Byte)
    i.DS1302Z_Write_Byte                     0x08000dfc   Section        0  inf_ds1302z.o(i.DS1302Z_Write_Byte)
    i.DebugMon_Handler                       0x08000eb4   Section        0  stm32f1xx_it.o(i.DebugMon_Handler)
    i.Error_Handler                          0x08000eb6   Section        0  main.o(i.Error_Handler)
    i.HAL_GPIO_Init                          0x08000ebc   Section        0  stm32f1xx_hal_gpio.o(i.HAL_GPIO_Init)
    i.HAL_GPIO_ReadPin                       0x080011dc   Section        0  stm32f1xx_hal_gpio.o(i.HAL_GPIO_ReadPin)
    i.HAL_GPIO_WritePin                      0x080011ec   Section        0  stm32f1xx_hal_gpio.o(i.HAL_GPIO_WritePin)
    i.HAL_GetTick                            0x080011f8   Section        0  stm32f1xx_hal.o(i.HAL_GetTick)
    i.HAL_IncTick                            0x08001204   Section        0  stm32f1xx_hal.o(i.HAL_IncTick)
    i.HAL_Init                               0x0800121c   Section        0  stm32f1xx_hal.o(i.HAL_Init)
    i.HAL_InitTick                           0x08001244   Section        0  stm32f1xx_hal.o(i.HAL_InitTick)
    i.HAL_MspInit                            0x08001290   Section        0  stm32f1xx_hal_msp.o(i.HAL_MspInit)
    i.HAL_NVIC_SetPriority                   0x080012e4   Section        0  stm32f1xx_hal_cortex.o(i.HAL_NVIC_SetPriority)
    i.HAL_NVIC_SetPriorityGrouping           0x08001360   Section        0  stm32f1xx_hal_cortex.o(i.HAL_NVIC_SetPriorityGrouping)
    i.HAL_RCC_ClockConfig                    0x08001388   Section        0  stm32f1xx_hal_rcc.o(i.HAL_RCC_ClockConfig)
    i.HAL_RCC_GetHCLKFreq                    0x08001514   Section        0  stm32f1xx_hal_rcc.o(i.HAL_RCC_GetHCLKFreq)
    i.HAL_RCC_GetPCLK1Freq                   0x08001520   Section        0  stm32f1xx_hal_rcc.o(i.HAL_RCC_GetPCLK1Freq)
    i.HAL_RCC_GetPCLK2Freq                   0x08001540   Section        0  stm32f1xx_hal_rcc.o(i.HAL_RCC_GetPCLK2Freq)
    i.HAL_RCC_GetSysClockFreq                0x08001560   Section        0  stm32f1xx_hal_rcc.o(i.HAL_RCC_GetSysClockFreq)
    i.HAL_RCC_OscConfig                      0x080015d0   Section        0  stm32f1xx_hal_rcc.o(i.HAL_RCC_OscConfig)
    i.HAL_SYSTICK_Config                     0x08001a34   Section        0  stm32f1xx_hal_cortex.o(i.HAL_SYSTICK_Config)
    i.HAL_UART_Init                          0x08001a68   Section        0  stm32f1xx_hal_uart.o(i.HAL_UART_Init)
    i.HAL_UART_MspInit                       0x08001ae0   Section        0  usart.o(i.HAL_UART_MspInit)
    i.HardFault_Handler                      0x08001b68   Section        0  stm32f1xx_it.o(i.HardFault_Handler)
    i.Inf_DHT11_Get_Data                     0x08001b6c   Section        0  inf_dht11.o(i.Inf_DHT11_Get_Data)
    i.Inf_DHT11_Init                         0x08001ca0   Section        0  inf_dht11.o(i.Inf_DHT11_Init)
    i.Inf_LED_Set_all                        0x08001cbc   Section        0  inf_led.o(i.Inf_LED_Set_all)
    i.Inf_LED_Write                          0x08001f10   Section        0  inf_led.o(i.Inf_LED_Write)
    i.Inf_LED_stop                           0x08001fb4   Section        0  inf_led.o(i.Inf_LED_stop)
    i.Inf_NV02D_Init                         0x08001fd0   Section        0  inf_nv02d.o(i.Inf_NV02D_Init)
    i.Inf_NV02D_send_cmd                     0x08001fdc   Section        0  inf_nv02d.o(i.Inf_NV02D_send_cmd)
    i.Inf_get_key_press                      0x08002064   Section        0  inf_key.o(i.Inf_get_key_press)
    i.Inf_get_key_value                      0x080020a0   Section        0  inf_key.o(i.Inf_get_key_value)
    i.Inf_get_led_on_value                   0x08002188   Section        0  inf_key.o(i.Inf_get_led_on_value)
    i.Inf_get_light_on_value                 0x080021a4   Section        0  inf_key.o(i.Inf_get_light_on_value)
    i.Inf_get_mic_value                      0x080021c0   Section        0  inf_mic.o(i.Inf_get_mic_value)
    i.Inf_get_touch_value                    0x080021dc   Section        0  inf_touch.o(i.Inf_get_touch_value)
    i.MX_GPIO_Init                           0x080021f8   Section        0  gpio.o(i.MX_GPIO_Init)
    i.MX_USART1_UART_Init                    0x08002398   Section        0  usart.o(i.MX_USART1_UART_Init)
    i.MemManage_Handler                      0x080023d0   Section        0  stm32f1xx_it.o(i.MemManage_Handler)
    i.NMI_Handler                            0x080023d4   Section        0  stm32f1xx_it.o(i.NMI_Handler)
    i.RCC_Delay                              0x080023d8   Section        0  stm32f1xx_hal_rcc.o(i.RCC_Delay)
    RCC_Delay                                0x080023d9   Thumb Code    36  stm32f1xx_hal_rcc.o(i.RCC_Delay)
    i.SysTick_Handler                        0x08002400   Section        0  stm32f1xx_it.o(i.SysTick_Handler)
    i.SystemClock_Config                     0x08002414   Section        0  main.o(i.SystemClock_Config)
    i.SystemInit                             0x0800247a   Section        0  system_stm32f1xx.o(i.SystemInit)
    i.UART_SetConfig                         0x0800247c   Section        0  stm32f1xx_hal_uart.o(i.UART_SetConfig)
    UART_SetConfig                           0x0800247d   Thumb Code   248  stm32f1xx_hal_uart.o(i.UART_SetConfig)
    i.UsageFault_Handler                     0x08002578   Section        0  stm32f1xx_it.o(i.UsageFault_Handler)
    i.__NVIC_GetPriorityGrouping             0x0800257c   Section        0  stm32f1xx_hal_cortex.o(i.__NVIC_GetPriorityGrouping)
    __NVIC_GetPriorityGrouping               0x0800257d   Thumb Code    10  stm32f1xx_hal_cortex.o(i.__NVIC_GetPriorityGrouping)
    i.__NVIC_SetPriority                     0x0800258c   Section        0  stm32f1xx_hal_cortex.o(i.__NVIC_SetPriority)
    __NVIC_SetPriority                       0x0800258d   Thumb Code    32  stm32f1xx_hal_cortex.o(i.__NVIC_SetPriority)
    i.__scatterload_copy                     0x080025b4   Section       14  handlers.o(i.__scatterload_copy)
    i.__scatterload_null                     0x080025c2   Section        2  handlers.o(i.__scatterload_null)
    i.__scatterload_zeroinit                 0x080025c4   Section       14  handlers.o(i.__scatterload_zeroinit)
    i.main                                   0x080025d2   Section        0  main.o(i.main)
    i.prvAddCurrentTaskToDelayedList         0x080025ec   Section        0  tasks.o(i.prvAddCurrentTaskToDelayedList)
    prvAddCurrentTaskToDelayedList           0x080025ed   Thumb Code   164  tasks.o(i.prvAddCurrentTaskToDelayedList)
    i.prvAddNewTaskToReadyList               0x080026ac   Section        0  tasks.o(i.prvAddNewTaskToReadyList)
    prvAddNewTaskToReadyList                 0x080026ad   Thumb Code   200  tasks.o(i.prvAddNewTaskToReadyList)
    i.prvCheckTasksWaitingTermination        0x08002790   Section        0  tasks.o(i.prvCheckTasksWaitingTermination)
    prvCheckTasksWaitingTermination          0x08002791   Thumb Code    60  tasks.o(i.prvCheckTasksWaitingTermination)
    i.prvDeleteTCB                           0x080027d8   Section        0  tasks.o(i.prvDeleteTCB)
    prvDeleteTCB                             0x080027d9   Thumb Code    18  tasks.o(i.prvDeleteTCB)
    i.prvHeapInit                            0x080027ec   Section        0  heap_4.o(i.prvHeapInit)
    prvHeapInit                              0x080027ed   Thumb Code    90  heap_4.o(i.prvHeapInit)
    i.prvIdleTask                            0x0800285c   Section        0  tasks.o(i.prvIdleTask)
    prvIdleTask                              0x0800285d   Thumb Code    32  tasks.o(i.prvIdleTask)
    i.prvInitialiseNewTask                   0x08002884   Section        0  tasks.o(i.prvInitialiseNewTask)
    prvInitialiseNewTask                     0x08002885   Thumb Code   122  tasks.o(i.prvInitialiseNewTask)
    i.prvInitialiseTaskLists                 0x08002900   Section        0  tasks.o(i.prvInitialiseTaskLists)
    prvInitialiseTaskLists                   0x08002901   Thumb Code    70  tasks.o(i.prvInitialiseTaskLists)
    i.prvInsertBlockIntoFreeList             0x08002968   Section        0  heap_4.o(i.prvInsertBlockIntoFreeList)
    prvInsertBlockIntoFreeList               0x08002969   Thumb Code    96  heap_4.o(i.prvInsertBlockIntoFreeList)
    i.prvResetNextTaskUnblockTime            0x080029d0   Section        0  tasks.o(i.prvResetNextTaskUnblockTime)
    prvResetNextTaskUnblockTime              0x080029d1   Thumb Code    40  tasks.o(i.prvResetNextTaskUnblockTime)
    i.prvTaskExitError                       0x08002a00   Section        0  port.o(i.prvTaskExitError)
    prvTaskExitError                         0x08002a01   Thumb Code    22  port.o(i.prvTaskExitError)
    i.pvPortMalloc                           0x08002a18   Section        0  heap_4.o(i.pvPortMalloc)
    i.pxPortInitialiseStack                  0x08002afc   Section        0  port.o(i.pxPortInitialiseStack)
    i.task_alarm                             0x08002b20   Section        0  app_freertos.o(i.task_alarm)
    i.task_collect                           0x08002c74   Section        0  app_freertos.o(i.task_collect)
    i.task_show                              0x08002cb8   Section        0  app_freertos.o(i.task_show)
    i.task_switch                            0x08002d40   Section        0  app_freertos.o(i.task_switch)
    i.task_volume                            0x08002da0   Section        0  app_freertos.o(i.task_volume)
    i.uxListRemove                           0x08002e50   Section        0  list.o(i.uxListRemove)
    i.vListInitialise                        0x08002e78   Section        0  list.o(i.vListInitialise)
    i.vListInitialiseItem                    0x08002e92   Section        0  list.o(i.vListInitialiseItem)
    i.vListInsert                            0x08002e98   Section        0  list.o(i.vListInsert)
    i.vPortEnterCritical                     0x08002ecc   Section        0  port.o(i.vPortEnterCritical)
    i.vPortExitCritical                      0x08002ef0   Section        0  port.o(i.vPortExitCritical)
    i.vPortFree                              0x08002f10   Section        0  heap_4.o(i.vPortFree)
    i.vPortSetupTimerInterrupt               0x08002f5c   Section        0  port.o(i.vPortSetupTimerInterrupt)
    i.vTaskDelay                             0x08002f74   Section        0  tasks.o(i.vTaskDelay)
    i.vTaskStartScheduler                    0x08002fa8   Section        0  tasks.o(i.vTaskStartScheduler)
    i.vTaskSuspendAll                        0x08003014   Section        0  tasks.o(i.vTaskSuspendAll)
    i.vTaskSwitchContext                     0x08003024   Section        0  tasks.o(i.vTaskSwitchContext)
    i.xPortStartScheduler                    0x08003084   Section        0  port.o(i.xPortStartScheduler)
    i.xPortSysTickHandler                    0x080030b8   Section        0  port.o(i.xPortSysTickHandler)
    i.xTaskCreate                            0x080030ec   Section        0  tasks.o(i.xTaskCreate)
    i.xTaskGetSchedulerState                 0x08003154   Section        0  tasks.o(i.xTaskGetSchedulerState)
    i.xTaskGetTickCount                      0x08003174   Section        0  tasks.o(i.xTaskGetTickCount)
    i.xTaskIncrementTick                     0x08003180   Section        0  tasks.o(i.xTaskIncrementTick)
    i.xTaskResumeAll                         0x08003310   Section        0  tasks.o(i.xTaskResumeAll)
    .constdata                               0x0800346c   Section       18  stm32f1xx_hal_rcc.o(.constdata)
    aPLLMULFactorTable                       0x0800346c   Data          16  stm32f1xx_hal_rcc.o(.constdata)
    aPredivFactorTable                       0x0800347c   Data           2  stm32f1xx_hal_rcc.o(.constdata)
    .constdata                               0x0800347e   Section       24  system_stm32f1xx.o(.constdata)
    .data                                    0x20000000   Section        9  stm32f1xx_hal.o(.data)
    .data                                    0x2000000c   Section        4  system_stm32f1xx.o(.data)
    .data                                    0x20000010   Section       64  tasks.o(.data)
    pxDelayedTaskList                        0x20000014   Data           4  tasks.o(.data)
    pxOverflowDelayedTaskList                0x20000018   Data           4  tasks.o(.data)
    uxDeletedTasksWaitingCleanUp             0x2000001c   Data           4  tasks.o(.data)
    uxCurrentNumberOfTasks                   0x20000020   Data           4  tasks.o(.data)
    xTickCount                               0x20000024   Data           4  tasks.o(.data)
    uxTopReadyPriority                       0x20000028   Data           4  tasks.o(.data)
    xSchedulerRunning                        0x2000002c   Data           4  tasks.o(.data)
    xPendedTicks                             0x20000030   Data           4  tasks.o(.data)
    xYieldPending                            0x20000034   Data           4  tasks.o(.data)
    xNumOfOverflows                          0x20000038   Data           4  tasks.o(.data)
    uxTaskNumber                             0x2000003c   Data           4  tasks.o(.data)
    xNextTaskUnblockTime                     0x20000040   Data           4  tasks.o(.data)
    xIdleTaskHandle                          0x20000044   Data           4  tasks.o(.data)
    uxSchedulerSuspended                     0x2000004c   Data           4  tasks.o(.data)
    .data                                    0x20000050   Section       28  heap_4.o(.data)
    xStart                                   0x20000050   Data           8  heap_4.o(.data)
    pxEnd                                    0x20000058   Data           4  heap_4.o(.data)
    xFreeBytesRemaining                      0x2000005c   Data           4  heap_4.o(.data)
    xMinimumEverFreeBytesRemaining           0x20000060   Data           4  heap_4.o(.data)
    xNumberOfSuccessfulAllocations           0x20000064   Data           4  heap_4.o(.data)
    xNumberOfSuccessfulFrees                 0x20000068   Data           4  heap_4.o(.data)
    .data                                    0x2000006c   Section        4  port.o(.data)
    uxCriticalNesting                        0x2000006c   Data           4  port.o(.data)
    .data                                    0x20000070   Section       47  app_freertos.o(.data)
    .data                                    0x2000009f   Section        2  app_show.o(.data)
    .data                                    0x200000a4   Section        8  app_switch.o(.data)
    .data                                    0x200000ac   Section        5  inf_dht11.o(.data)
    .data                                    0x200000b4   Section      153  inf_led.o(.data)
    .bss                                     0x20000150   Section       72  usart.o(.bss)
    .bss                                     0x20000198   Section      200  tasks.o(.bss)
    pxReadyTasksLists                        0x20000198   Data         100  tasks.o(.bss)
    xDelayedTaskList1                        0x200001fc   Data          20  tasks.o(.bss)
    xDelayedTaskList2                        0x20000210   Data          20  tasks.o(.bss)
    xPendingReadyList                        0x20000224   Data          20  tasks.o(.bss)
    xTasksWaitingTermination                 0x20000238   Data          20  tasks.o(.bss)
    xSuspendedTaskList                       0x2000024c   Data          20  tasks.o(.bss)
    .bss                                     0x20000260   Section    17408  heap_4.o(.bss)
    ucHeap                                   0x20000260   Data       17408  heap_4.o(.bss)
    .bss                                     0x20004660   Section       10  app_freertos.o(.bss)
    STACK                                    0x20004670   Section     1024  startup_stm32f103xb.o(STACK)

    Global Symbols

    Symbol Name                              Value     Ov Type        Size  Object(Section)

    BuildAttributes$$THM_ISAv4$P$D$K$B$S$PE$A:L22UL41UL21$X:L11$S22US41US21$IEEE1$IW$USESV6$~STKCKD$USESV7$~SHL$OSPACE$EBA8$MICROLIB$REQ8$PRES8$EABIv2 0x00000000   Number         0  anon$$obj.o ABSOLUTE
    __ARM_use_no_argv                        0x00000000   Number         0  main.o ABSOLUTE
    __cpp_initialize__aeabi_                  - Undefined Weak Reference
    __cxa_finalize                            - Undefined Weak Reference
    _clock_init                               - Undefined Weak Reference
    _microlib_exit                            - Undefined Weak Reference
    __Vectors_Size                           0x000000ec   Number         0  startup_stm32f103xb.o ABSOLUTE
    __Vectors                                0x08000000   Data           4  startup_stm32f103xb.o(RESET)
    __Vectors_End                            0x080000ec   Data           0  startup_stm32f103xb.o(RESET)
    __main                                   0x080000ed   Thumb Code     0  entry.o(.ARM.Collect$$$$00000000)
    _main_stk                                0x080000ed   Thumb Code     0  entry2.o(.ARM.Collect$$$$00000001)
    _main_scatterload                        0x080000f1   Thumb Code     0  entry5.o(.ARM.Collect$$$$00000004)
    __main_after_scatterload                 0x080000f5   Thumb Code     0  entry5.o(.ARM.Collect$$$$00000004)
    _main_clock                              0x080000f5   Thumb Code     0  entry7b.o(.ARM.Collect$$$$00000008)
    _main_cpp_init                           0x080000f5   Thumb Code     0  entry8b.o(.ARM.Collect$$$$0000000A)
    _main_init                               0x080000f5   Thumb Code     0  entry9a.o(.ARM.Collect$$$$0000000B)
    __rt_final_cpp                           0x080000fd   Thumb Code     0  entry10a.o(.ARM.Collect$$$$0000000D)
    __rt_final_exit                          0x080000fd   Thumb Code     0  entry11a.o(.ARM.Collect$$$$0000000F)
    vPortSVCHandler                          0x08000101   Thumb Code    32  port.o(.emb_text)
    __asm___6_port_c_39a90d8d__prvStartFirstTask 0x08000125   Thumb Code    28  port.o(.emb_text)
    PendSV_Handler                           0x08000145   Thumb Code    72  port.o(.emb_text)
    vPortGetIPSR                             0x08000191   Thumb Code     6  port.o(.emb_text)
    Reset_Handler                            0x08000199   Thumb Code     8  startup_stm32f103xb.o(.text)
    SVC_Handler                              0x080001ab   Thumb Code     2  startup_stm32f103xb.o(.text)
    ADC1_2_IRQHandler                        0x080001b3   Thumb Code     0  startup_stm32f103xb.o(.text)
    CAN1_RX1_IRQHandler                      0x080001b3   Thumb Code     0  startup_stm32f103xb.o(.text)
    CAN1_SCE_IRQHandler                      0x080001b3   Thumb Code     0  startup_stm32f103xb.o(.text)
    DMA1_Channel1_IRQHandler                 0x080001b3   Thumb Code     0  startup_stm32f103xb.o(.text)
    DMA1_Channel2_IRQHandler                 0x080001b3   Thumb Code     0  startup_stm32f103xb.o(.text)
    DMA1_Channel3_IRQHandler                 0x080001b3   Thumb Code     0  startup_stm32f103xb.o(.text)
    DMA1_Channel4_IRQHandler                 0x080001b3   Thumb Code     0  startup_stm32f103xb.o(.text)
    DMA1_Channel5_IRQHandler                 0x080001b3   Thumb Code     0  startup_stm32f103xb.o(.text)
    DMA1_Channel6_IRQHandler                 0x080001b3   Thumb Code     0  startup_stm32f103xb.o(.text)
    DMA1_Channel7_IRQHandler                 0x080001b3   Thumb Code     0  startup_stm32f103xb.o(.text)
    EXTI0_IRQHandler                         0x080001b3   Thumb Code     0  startup_stm32f103xb.o(.text)
    EXTI15_10_IRQHandler                     0x080001b3   Thumb Code     0  startup_stm32f103xb.o(.text)
    EXTI1_IRQHandler                         0x080001b3   Thumb Code     0  startup_stm32f103xb.o(.text)
    EXTI2_IRQHandler                         0x080001b3   Thumb Code     0  startup_stm32f103xb.o(.text)
    EXTI3_IRQHandler                         0x080001b3   Thumb Code     0  startup_stm32f103xb.o(.text)
    EXTI4_IRQHandler                         0x080001b3   Thumb Code     0  startup_stm32f103xb.o(.text)
    EXTI9_5_IRQHandler                       0x080001b3   Thumb Code     0  startup_stm32f103xb.o(.text)
    FLASH_IRQHandler                         0x080001b3   Thumb Code     0  startup_stm32f103xb.o(.text)
    I2C1_ER_IRQHandler                       0x080001b3   Thumb Code     0  startup_stm32f103xb.o(.text)
    I2C1_EV_IRQHandler                       0x080001b3   Thumb Code     0  startup_stm32f103xb.o(.text)
    I2C2_ER_IRQHandler                       0x080001b3   Thumb Code     0  startup_stm32f103xb.o(.text)
    I2C2_EV_IRQHandler                       0x080001b3   Thumb Code     0  startup_stm32f103xb.o(.text)
    PVD_IRQHandler                           0x080001b3   Thumb Code     0  startup_stm32f103xb.o(.text)
    RCC_IRQHandler                           0x080001b3   Thumb Code     0  startup_stm32f103xb.o(.text)
    RTC_Alarm_IRQHandler                     0x080001b3   Thumb Code     0  startup_stm32f103xb.o(.text)
    RTC_IRQHandler                           0x080001b3   Thumb Code     0  startup_stm32f103xb.o(.text)
    SPI1_IRQHandler                          0x080001b3   Thumb Code     0  startup_stm32f103xb.o(.text)
    SPI2_IRQHandler                          0x080001b3   Thumb Code     0  startup_stm32f103xb.o(.text)
    TAMPER_IRQHandler                        0x080001b3   Thumb Code     0  startup_stm32f103xb.o(.text)
    TIM1_BRK_IRQHandler                      0x080001b3   Thumb Code     0  startup_stm32f103xb.o(.text)
    TIM1_CC_IRQHandler                       0x080001b3   Thumb Code     0  startup_stm32f103xb.o(.text)
    TIM1_TRG_COM_IRQHandler                  0x080001b3   Thumb Code     0  startup_stm32f103xb.o(.text)
    TIM1_UP_IRQHandler                       0x080001b3   Thumb Code     0  startup_stm32f103xb.o(.text)
    TIM2_IRQHandler                          0x080001b3   Thumb Code     0  startup_stm32f103xb.o(.text)
    TIM3_IRQHandler                          0x080001b3   Thumb Code     0  startup_stm32f103xb.o(.text)
    TIM4_IRQHandler                          0x080001b3   Thumb Code     0  startup_stm32f103xb.o(.text)
    USART1_IRQHandler                        0x080001b3   Thumb Code     0  startup_stm32f103xb.o(.text)
    USART2_IRQHandler                        0x080001b3   Thumb Code     0  startup_stm32f103xb.o(.text)
    USART3_IRQHandler                        0x080001b3   Thumb Code     0  startup_stm32f103xb.o(.text)
    USBWakeUp_IRQHandler                     0x080001b3   Thumb Code     0  startup_stm32f103xb.o(.text)
    USB_HP_CAN1_TX_IRQHandler                0x080001b3   Thumb Code     0  startup_stm32f103xb.o(.text)
    USB_LP_CAN1_RX0_IRQHandler               0x080001b3   Thumb Code     0  startup_stm32f103xb.o(.text)
    WWDG_IRQHandler                          0x080001b3   Thumb Code     0  startup_stm32f103xb.o(.text)
    __aeabi_memset                           0x080001bd   Thumb Code    14  memseta.o(.text)
    __aeabi_memset4                          0x080001bd   Thumb Code     0  memseta.o(.text)
    __aeabi_memset8                          0x080001bd   Thumb Code     0  memseta.o(.text)
    __aeabi_memclr                           0x080001cb   Thumb Code     4  memseta.o(.text)
    __aeabi_memclr4                          0x080001cb   Thumb Code     0  memseta.o(.text)
    __aeabi_memclr8                          0x080001cb   Thumb Code     0  memseta.o(.text)
    _memset$wrapper                          0x080001cf   Thumb Code    18  memseta.o(.text)
    __scatterload                            0x080001e1   Thumb Code    28  init.o(.text)
    __scatterload_rt2                        0x080001e1   Thumb Code     0  init.o(.text)
    __decompress                             0x08000205   Thumb Code     0  __dczerorl2.o(.text)
    __decompress1                            0x08000205   Thumb Code    86  __dczerorl2.o(.text)
    App_dateTime_get                         0x0800025b   Thumb Code   252  app_datetime.o(i.App_dateTime_get)
    App_dateTime_set                         0x08000357   Thumb Code   474  app_datetime.o(i.App_dateTime_set)
    App_freeRTOS_Start                       0x08000531   Thumb Code   108  app_freertos.o(i.App_freeRTOS_Start)
    App_show_alarm_set                       0x080005e5   Thumb Code   232  app_show.o(i.App_show_alarm_set)
    App_show_alarm_set_process               0x080006e1   Thumb Code   504  app_switch.o(i.App_show_alarm_set_process)
    App_show_normal                          0x080008f1   Thumb Code   122  app_show.o(i.App_show_normal)
    App_show_time_set                        0x08000975   Thumb Code   344  app_show.o(i.App_show_time_set)
    App_switch_key_process                   0x08000ad9   Thumb Code   244  app_switch.o(i.App_switch_key_process)
    App_switch_rotary_process                0x08000bdd   Thumb Code   110  app_switch.o(i.App_switch_rotary_process)
    App_switch_time_set_process              0x08000c59   Thumb Code   194  app_switch.o(i.App_switch_time_set_process)
    BusFault_Handler                         0x08000d2d   Thumb Code     4  stm32f1xx_it.o(i.BusFault_Handler)
    DS1302Z_Delay_us                         0x08000d31   Thumb Code    16  inf_ds1302z.o(i.DS1302Z_Delay_us)
    DS1302Z_Read_Byte                        0x08000d41   Thumb Code   184  inf_ds1302z.o(i.DS1302Z_Read_Byte)
    DS1302Z_Write_Byte                       0x08000dfd   Thumb Code   180  inf_ds1302z.o(i.DS1302Z_Write_Byte)
    DebugMon_Handler                         0x08000eb5   Thumb Code     2  stm32f1xx_it.o(i.DebugMon_Handler)
    Error_Handler                            0x08000eb7   Thumb Code     6  main.o(i.Error_Handler)
    HAL_GPIO_Init                            0x08000ebd   Thumb Code   766  stm32f1xx_hal_gpio.o(i.HAL_GPIO_Init)
    HAL_GPIO_ReadPin                         0x080011dd   Thumb Code    16  stm32f1xx_hal_gpio.o(i.HAL_GPIO_ReadPin)
    HAL_GPIO_WritePin                        0x080011ed   Thumb Code    12  stm32f1xx_hal_gpio.o(i.HAL_GPIO_WritePin)
    HAL_GetTick                              0x080011f9   Thumb Code     6  stm32f1xx_hal.o(i.HAL_GetTick)
    HAL_IncTick                              0x08001205   Thumb Code    16  stm32f1xx_hal.o(i.HAL_IncTick)
    HAL_Init                                 0x0800121d   Thumb Code    34  stm32f1xx_hal.o(i.HAL_Init)
    HAL_InitTick                             0x08001245   Thumb Code    64  stm32f1xx_hal.o(i.HAL_InitTick)
    HAL_MspInit                              0x08001291   Thumb Code    76  stm32f1xx_hal_msp.o(i.HAL_MspInit)
    HAL_NVIC_SetPriority                     0x080012e5   Thumb Code   124  stm32f1xx_hal_cortex.o(i.HAL_NVIC_SetPriority)
    HAL_NVIC_SetPriorityGrouping             0x08001361   Thumb Code    32  stm32f1xx_hal_cortex.o(i.HAL_NVIC_SetPriorityGrouping)
    HAL_RCC_ClockConfig                      0x08001389   Thumb Code   376  stm32f1xx_hal_rcc.o(i.HAL_RCC_ClockConfig)
    HAL_RCC_GetHCLKFreq                      0x08001515   Thumb Code     6  stm32f1xx_hal_rcc.o(i.HAL_RCC_GetHCLKFreq)
    HAL_RCC_GetPCLK1Freq                     0x08001521   Thumb Code    22  stm32f1xx_hal_rcc.o(i.HAL_RCC_GetPCLK1Freq)
    HAL_RCC_GetPCLK2Freq                     0x08001541   Thumb Code    22  stm32f1xx_hal_rcc.o(i.HAL_RCC_GetPCLK2Freq)
    HAL_RCC_GetSysClockFreq                  0x08001561   Thumb Code    92  stm32f1xx_hal_rcc.o(i.HAL_RCC_GetSysClockFreq)
    HAL_RCC_OscConfig                        0x080015d1   Thumb Code  1114  stm32f1xx_hal_rcc.o(i.HAL_RCC_OscConfig)
    HAL_SYSTICK_Config                       0x08001a35   Thumb Code    52  stm32f1xx_hal_cortex.o(i.HAL_SYSTICK_Config)
    HAL_UART_Init                            0x08001a69   Thumb Code   118  stm32f1xx_hal_uart.o(i.HAL_UART_Init)
    HAL_UART_MspInit                         0x08001ae1   Thumb Code   122  usart.o(i.HAL_UART_MspInit)
    HardFault_Handler                        0x08001b69   Thumb Code     4  stm32f1xx_it.o(i.HardFault_Handler)
    Inf_DHT11_Get_Data                       0x08001b6d   Thumb Code   294  inf_dht11.o(i.Inf_DHT11_Get_Data)
    Inf_DHT11_Init                           0x08001ca1   Thumb Code    22  inf_dht11.o(i.Inf_DHT11_Init)
    Inf_LED_Set_all                          0x08001cbd   Thumb Code   552  inf_led.o(i.Inf_LED_Set_all)
    Inf_LED_Write                            0x08001f11   Thumb Code   154  inf_led.o(i.Inf_LED_Write)
    Inf_LED_stop                             0x08001fb5   Thumb Code    24  inf_led.o(i.Inf_LED_stop)
    Inf_NV02D_Init                           0x08001fd1   Thumb Code    12  inf_nv02d.o(i.Inf_NV02D_Init)
    Inf_NV02D_send_cmd                       0x08001fdd   Thumb Code   132  inf_nv02d.o(i.Inf_NV02D_send_cmd)
    Inf_get_key_press                        0x08002065   Thumb Code    60  inf_key.o(i.Inf_get_key_press)
    Inf_get_key_value                        0x080020a1   Thumb Code   224  inf_key.o(i.Inf_get_key_value)
    Inf_get_led_on_value                     0x08002189   Thumb Code    22  inf_key.o(i.Inf_get_led_on_value)
    Inf_get_light_on_value                   0x080021a5   Thumb Code    22  inf_key.o(i.Inf_get_light_on_value)
    Inf_get_mic_value                        0x080021c1   Thumb Code    24  inf_mic.o(i.Inf_get_mic_value)
    Inf_get_touch_value                      0x080021dd   Thumb Code    22  inf_touch.o(i.Inf_get_touch_value)
    MX_GPIO_Init                             0x080021f9   Thumb Code   398  gpio.o(i.MX_GPIO_Init)
    MX_USART1_UART_Init                      0x08002399   Thumb Code    46  usart.o(i.MX_USART1_UART_Init)
    MemManage_Handler                        0x080023d1   Thumb Code     4  stm32f1xx_it.o(i.MemManage_Handler)
    NMI_Handler                              0x080023d5   Thumb Code     4  stm32f1xx_it.o(i.NMI_Handler)
    SysTick_Handler                          0x08002401   Thumb Code    20  stm32f1xx_it.o(i.SysTick_Handler)
    SystemClock_Config                       0x08002415   Thumb Code   102  main.o(i.SystemClock_Config)
    SystemInit                               0x0800247b   Thumb Code     2  system_stm32f1xx.o(i.SystemInit)
    UsageFault_Handler                       0x08002579   Thumb Code     4  stm32f1xx_it.o(i.UsageFault_Handler)
    __scatterload_copy                       0x080025b5   Thumb Code    14  handlers.o(i.__scatterload_copy)
    __scatterload_null                       0x080025c3   Thumb Code     2  handlers.o(i.__scatterload_null)
    __scatterload_zeroinit                   0x080025c5   Thumb Code    14  handlers.o(i.__scatterload_zeroinit)
    main                                     0x080025d3   Thumb Code    24  main.o(i.main)
    pvPortMalloc                             0x08002a19   Thumb Code   208  heap_4.o(i.pvPortMalloc)
    pxPortInitialiseStack                    0x08002afd   Thumb Code    30  port.o(i.pxPortInitialiseStack)
    task_alarm                               0x08002b21   Thumb Code   314  app_freertos.o(i.task_alarm)
    task_collect                             0x08002c75   Thumb Code    50  app_freertos.o(i.task_collect)
    task_show                                0x08002cb9   Thumb Code   112  app_freertos.o(i.task_show)
    task_switch                              0x08002d41   Thumb Code    86  app_freertos.o(i.task_switch)
    task_volume                              0x08002da1   Thumb Code   166  app_freertos.o(i.task_volume)
    uxListRemove                             0x08002e51   Thumb Code    40  list.o(i.uxListRemove)
    vListInitialise                          0x08002e79   Thumb Code    26  list.o(i.vListInitialise)
    vListInitialiseItem                      0x08002e93   Thumb Code     6  list.o(i.vListInitialiseItem)
    vListInsert                              0x08002e99   Thumb Code    52  list.o(i.vListInsert)
    vPortEnterCritical                       0x08002ecd   Thumb Code    30  port.o(i.vPortEnterCritical)
    vPortExitCritical                        0x08002ef1   Thumb Code    28  port.o(i.vPortExitCritical)
    vPortFree                                0x08002f11   Thumb Code    68  heap_4.o(i.vPortFree)
    vPortSetupTimerInterrupt                 0x08002f5d   Thumb Code    20  port.o(i.vPortSetupTimerInterrupt)
    vTaskDelay                               0x08002f75   Thumb Code    46  tasks.o(i.vTaskDelay)
    vTaskStartScheduler                      0x08002fa9   Thumb Code    76  tasks.o(i.vTaskStartScheduler)
    vTaskSuspendAll                          0x08003015   Thumb Code    12  tasks.o(i.vTaskSuspendAll)
    vTaskSwitchContext                       0x08003025   Thumb Code    76  tasks.o(i.vTaskSwitchContext)
    xPortStartScheduler                      0x08003085   Thumb Code    42  port.o(i.xPortStartScheduler)
    xPortSysTickHandler                      0x080030b9   Thumb Code    46  port.o(i.xPortSysTickHandler)
    xTaskCreate                              0x080030ed   Thumb Code   104  tasks.o(i.xTaskCreate)
    xTaskGetSchedulerState                   0x08003155   Thumb Code    24  tasks.o(i.xTaskGetSchedulerState)
    xTaskGetTickCount                        0x08003175   Thumb Code     6  tasks.o(i.xTaskGetTickCount)
    xTaskIncrementTick                       0x08003181   Thumb Code   356  tasks.o(i.xTaskIncrementTick)
    xTaskResumeAll                           0x08003311   Thumb Code   310  tasks.o(i.xTaskResumeAll)
    AHBPrescTable                            0x0800347e   Data          16  system_stm32f1xx.o(.constdata)
    APBPrescTable                            0x0800348e   Data           8  system_stm32f1xx.o(.constdata)
    Region$$Table$$Base                      0x08003498   Number         0  anon$$obj.o(Region$$Table)
    Region$$Table$$Limit                     0x080034b8   Number         0  anon$$obj.o(Region$$Table)
    uwTick                                   0x20000000   Data           4  stm32f1xx_hal.o(.data)
    uwTickPrio                               0x20000004   Data           4  stm32f1xx_hal.o(.data)
    uwTickFreq                               0x20000008   Data           1  stm32f1xx_hal.o(.data)
    SystemCoreClock                          0x2000000c   Data           4  system_stm32f1xx.o(.data)
    pxCurrentTCB                             0x20000010   Data           4  tasks.o(.data)
    uxTopUsedPriority                        0x20000048   Data           4  tasks.o(.data)
    task_collect_handle                      0x20000070   Data           4  app_freertos.o(.data)
    temperature                              0x20000074   Data           1  app_freertos.o(.data)
    humidity                                 0x20000075   Data           1  app_freertos.o(.data)
    task_show_handle                         0x20000078   Data           4  app_freertos.o(.data)
    show_mode                                0x2000007c   Data           1  app_freertos.o(.data)
    show_type                                0x2000007d   Data           7  app_freertos.o(.data)
    show_time_set                            0x20000084   Data           1  app_freertos.o(.data)
    show_alarm_set                           0x20000085   Data           1  app_freertos.o(.data)
    task_switch_handle                       0x20000088   Data           4  app_freertos.o(.data)
    task_alarm_handle                        0x2000008c   Data           4  app_freertos.o(.data)
    task_volume_handle                       0x20000090   Data           4  app_freertos.o(.data)
    nv02d_volume                             0x20000094   Data           1  app_freertos.o(.data)
    touch_count                              0x20000095   Data           1  app_freertos.o(.data)
    led_en                                   0x20000096   Data           1  app_freertos.o(.data)
    alarm_time1                              0x20000097   Data           4  app_freertos.o(.data)
    alarm_time2                              0x2000009b   Data           4  app_freertos.o(.data)
    clock_flag                               0x2000009f   Data           1  app_show.o(.data)
    clock_last_time                          0x200000a0   Data           1  app_show.o(.data)
    switch_alarm_en                          0x200000a4   Data           1  app_switch.o(.data)
    sound_control_flag                       0x200000a5   Data           1  app_switch.o(.data)
    sound_control_last_time                  0x200000a8   Data           4  app_switch.o(.data)
    data                                     0x200000ac   Data           5  inf_dht11.o(.data)
    LED_CLK_H_S                              0x200000b4   Data           6  inf_led.o(.data)
    LED_CLK_H_G                              0x200000ba   Data          20  inf_led.o(.data)
    LED_CLK_M_S                              0x200000ce   Data          20  inf_led.o(.data)
    LED_CLK_M_G                              0x200000e2   Data          20  inf_led.o(.data)
    led_th_s                                 0x200000f6   Data          20  inf_led.o(.data)
    led_th_g                                 0x2000010a   Data          20  inf_led.o(.data)
    led_hu_s                                 0x2000011e   Data          20  inf_led.o(.data)
    led_hu_g                                 0x20000132   Data          20  inf_led.o(.data)
    time_set_last_time                       0x20000148   Data           4  inf_led.o(.data)
    led_flag                                 0x2000014c   Data           1  inf_led.o(.data)
    huart1                                   0x20000150   Data          72  usart.o(.bss)
    clock_date_time                          0x20004660   Data          10  app_freertos.o(.bss)
    __initial_sp                             0x20004a70   Data           0  startup_stm32f103xb.o(STACK)



==============================================================================

Memory Map of the image

  Image Entry point : 0x080000ed

  Load Region LR_IROM1 (Base: 0x08000000, Size: 0x00003608, Max: 0x00010000, ABSOLUTE, COMPRESSED[0x000034fc])

    Execution Region ER_IROM1 (Exec base: 0x08000000, Load base: 0x08000000, Size: 0x000034b8, Max: 0x00010000, ABSOLUTE)

    Exec Addr    Load Addr    Size         Type   Attr      Idx    E Section Name        Object

    0x08000000   0x08000000   0x000000ec   Data   RO            3    RESET               startup_stm32f103xb.o
    0x080000ec   0x080000ec   0x00000000   Code   RO         3185  * .ARM.Collect$$$$00000000  mc_w.l(entry.o)
    0x080000ec   0x080000ec   0x00000004   Code   RO         3196    .ARM.Collect$$$$00000001  mc_w.l(entry2.o)
    0x080000f0   0x080000f0   0x00000004   Code   RO         3199    .ARM.Collect$$$$00000004  mc_w.l(entry5.o)
    0x080000f4   0x080000f4   0x00000000   Code   RO         3201    .ARM.Collect$$$$00000008  mc_w.l(entry7b.o)
    0x080000f4   0x080000f4   0x00000000   Code   RO         3203    .ARM.Collect$$$$0000000A  mc_w.l(entry8b.o)
    0x080000f4   0x080000f4   0x00000008   Code   RO         3204    .ARM.Collect$$$$0000000B  mc_w.l(entry9a.o)
    0x080000fc   0x080000fc   0x00000000   Code   RO         3206    .ARM.Collect$$$$0000000D  mc_w.l(entry10a.o)
    0x080000fc   0x080000fc   0x00000000   Code   RO         3208    .ARM.Collect$$$$0000000F  mc_w.l(entry11a.o)
    0x080000fc   0x080000fc   0x00000004   Code   RO         3197    .ARM.Collect$$$$00002712  mc_w.l(entry2.o)
    0x08000100   0x08000100   0x00000096   Code   RO         2602    .emb_text           port.o
    0x08000196   0x08000196   0x00000002   PAD
    0x08000198   0x08000198   0x00000024   Code   RO            4    .text               startup_stm32f103xb.o
    0x080001bc   0x080001bc   0x00000024   Code   RO         3192    .text               mc_w.l(memseta.o)
    0x080001e0   0x080001e0   0x00000024   Code   RO         3210    .text               mc_w.l(init.o)
    0x08000204   0x08000204   0x00000056   Code   RO         3220    .text               mc_w.l(__dczerorl2.o)
    0x0800025a   0x0800025a   0x000000fc   Code   RO         2768    i.App_dateTime_get  app_datetime.o
    0x08000356   0x08000356   0x000001da   Code   RO         2769    i.App_dateTime_set  app_datetime.o
    0x08000530   0x08000530   0x000000b4   Code   RO         2676    i.App_freeRTOS_Start  app_freertos.o
    0x080005e4   0x080005e4   0x000000fc   Code   RO         2798    i.App_show_alarm_set  app_show.o
    0x080006e0   0x080006e0   0x00000210   Code   RO         2844    i.App_show_alarm_set_process  app_switch.o
    0x080008f0   0x080008f0   0x00000084   Code   RO         2799    i.App_show_normal   app_show.o
    0x08000974   0x08000974   0x00000164   Code   RO         2801    i.App_show_time_set  app_show.o
    0x08000ad8   0x08000ad8   0x00000104   Code   RO         2845    i.App_switch_key_process  app_switch.o
    0x08000bdc   0x08000bdc   0x0000007c   Code   RO         2846    i.App_switch_rotary_process  app_switch.o
    0x08000c58   0x08000c58   0x000000d4   Code   RO         2847    i.App_switch_time_set_process  app_switch.o
    0x08000d2c   0x08000d2c   0x00000004   Code   RO          244    i.BusFault_Handler  stm32f1xx_it.o
    0x08000d30   0x08000d30   0x00000010   Code   RO         2995    i.DS1302Z_Delay_us  inf_ds1302z.o
    0x08000d40   0x08000d40   0x000000bc   Code   RO         2996    i.DS1302Z_Read_Byte  inf_ds1302z.o
    0x08000dfc   0x08000dfc   0x000000b8   Code   RO         2997    i.DS1302Z_Write_Byte  inf_ds1302z.o
    0x08000eb4   0x08000eb4   0x00000002   Code   RO          245    i.DebugMon_Handler  stm32f1xx_it.o
    0x08000eb6   0x08000eb6   0x00000006   Code   RO           13    i.Error_Handler     main.o
    0x08000ebc   0x08000ebc   0x00000320   Code   RO         1062    i.HAL_GPIO_Init     stm32f1xx_hal_gpio.o
    0x080011dc   0x080011dc   0x00000010   Code   RO         1064    i.HAL_GPIO_ReadPin  stm32f1xx_hal_gpio.o
    0x080011ec   0x080011ec   0x0000000c   Code   RO         1066    i.HAL_GPIO_WritePin  stm32f1xx_hal_gpio.o
    0x080011f8   0x080011f8   0x0000000c   Code   RO          751    i.HAL_GetTick       stm32f1xx_hal.o
    0x08001204   0x08001204   0x00000018   Code   RO          757    i.HAL_IncTick       stm32f1xx_hal.o
    0x0800121c   0x0800121c   0x00000028   Code   RO          758    i.HAL_Init          stm32f1xx_hal.o
    0x08001244   0x08001244   0x0000004c   Code   RO          759    i.HAL_InitTick      stm32f1xx_hal.o
    0x08001290   0x08001290   0x00000054   Code   RO          307    i.HAL_MspInit       stm32f1xx_hal_msp.o
    0x080012e4   0x080012e4   0x0000007c   Code   RO         1228    i.HAL_NVIC_SetPriority  stm32f1xx_hal_cortex.o
    0x08001360   0x08001360   0x00000028   Code   RO         1229    i.HAL_NVIC_SetPriorityGrouping  stm32f1xx_hal_cortex.o
    0x08001388   0x08001388   0x0000018c   Code   RO          915    i.HAL_RCC_ClockConfig  stm32f1xx_hal_rcc.o
    0x08001514   0x08001514   0x0000000c   Code   RO          920    i.HAL_RCC_GetHCLKFreq  stm32f1xx_hal_rcc.o
    0x08001520   0x08001520   0x00000020   Code   RO          922    i.HAL_RCC_GetPCLK1Freq  stm32f1xx_hal_rcc.o
    0x08001540   0x08001540   0x00000020   Code   RO          923    i.HAL_RCC_GetPCLK2Freq  stm32f1xx_hal_rcc.o
    0x08001560   0x08001560   0x00000070   Code   RO          924    i.HAL_RCC_GetSysClockFreq  stm32f1xx_hal_rcc.o
    0x080015d0   0x080015d0   0x00000464   Code   RO          927    i.HAL_RCC_OscConfig  stm32f1xx_hal_rcc.o
    0x08001a34   0x08001a34   0x00000034   Code   RO         1233    i.HAL_SYSTICK_Config  stm32f1xx_hal_cortex.o
    0x08001a68   0x08001a68   0x00000076   Code   RO          397    i.HAL_UART_Init     stm32f1xx_hal_uart.o
    0x08001ade   0x08001ade   0x00000002   PAD
    0x08001ae0   0x08001ae0   0x00000088   Code   RO          203    i.HAL_UART_MspInit  usart.o
    0x08001b68   0x08001b68   0x00000004   Code   RO          246    i.HardFault_Handler  stm32f1xx_it.o
    0x08001b6c   0x08001b6c   0x00000134   Code   RO         3034    i.Inf_DHT11_Get_Data  inf_dht11.o
    0x08001ca0   0x08001ca0   0x0000001c   Code   RO         3035    i.Inf_DHT11_Init    inf_dht11.o
    0x08001cbc   0x08001cbc   0x00000254   Code   RO         3121    i.Inf_LED_Set_all   inf_led.o
    0x08001f10   0x08001f10   0x000000a4   Code   RO         3124    i.Inf_LED_Write     inf_led.o
    0x08001fb4   0x08001fb4   0x0000001c   Code   RO         3126    i.Inf_LED_stop      inf_led.o
    0x08001fd0   0x08001fd0   0x0000000c   Code   RO         3070    i.Inf_NV02D_Init    inf_nv02d.o
    0x08001fdc   0x08001fdc   0x00000088   Code   RO         3072    i.Inf_NV02D_send_cmd  inf_nv02d.o
    0x08002064   0x08002064   0x0000003c   Code   RO         2890    i.Inf_get_key_press  inf_key.o
    0x080020a0   0x080020a0   0x000000e8   Code   RO         2891    i.Inf_get_key_value  inf_key.o
    0x08002188   0x08002188   0x0000001c   Code   RO         2892    i.Inf_get_led_on_value  inf_key.o
    0x080021a4   0x080021a4   0x0000001c   Code   RO         2893    i.Inf_get_light_on_value  inf_key.o
    0x080021c0   0x080021c0   0x0000001c   Code   RO         2968    i.Inf_get_mic_value  inf_mic.o
    0x080021dc   0x080021dc   0x0000001c   Code   RO         2941    i.Inf_get_touch_value  inf_touch.o
    0x080021f8   0x080021f8   0x000001a0   Code   RO          178    i.MX_GPIO_Init      gpio.o
    0x08002398   0x08002398   0x00000038   Code   RO          204    i.MX_USART1_UART_Init  usart.o
    0x080023d0   0x080023d0   0x00000004   Code   RO          247    i.MemManage_Handler  stm32f1xx_it.o
    0x080023d4   0x080023d4   0x00000004   Code   RO          248    i.NMI_Handler       stm32f1xx_it.o
    0x080023d8   0x080023d8   0x00000028   Code   RO          928    i.RCC_Delay         stm32f1xx_hal_rcc.o
    0x08002400   0x08002400   0x00000014   Code   RO          249    i.SysTick_Handler   stm32f1xx_it.o
    0x08002414   0x08002414   0x00000066   Code   RO           14    i.SystemClock_Config  main.o
    0x0800247a   0x0800247a   0x00000002   Code   RO         1749    i.SystemInit        system_stm32f1xx.o
    0x0800247c   0x0800247c   0x000000fc   Code   RO          424    i.UART_SetConfig    stm32f1xx_hal_uart.o
    0x08002578   0x08002578   0x00000004   Code   RO          250    i.UsageFault_Handler  stm32f1xx_it.o
    0x0800257c   0x0800257c   0x00000010   Code   RO         1235    i.__NVIC_GetPriorityGrouping  stm32f1xx_hal_cortex.o
    0x0800258c   0x0800258c   0x00000028   Code   RO         1236    i.__NVIC_SetPriority  stm32f1xx_hal_cortex.o
    0x080025b4   0x080025b4   0x0000000e   Code   RO         3214    i.__scatterload_copy  mc_w.l(handlers.o)
    0x080025c2   0x080025c2   0x00000002   Code   RO         3215    i.__scatterload_null  mc_w.l(handlers.o)
    0x080025c4   0x080025c4   0x0000000e   Code   RO         3216    i.__scatterload_zeroinit  mc_w.l(handlers.o)
    0x080025d2   0x080025d2   0x00000018   Code   RO           15    i.main              main.o
    0x080025ea   0x080025ea   0x00000002   PAD
    0x080025ec   0x080025ec   0x000000c0   Code   RO         2229    i.prvAddCurrentTaskToDelayedList  tasks.o
    0x080026ac   0x080026ac   0x000000e4   Code   RO         2230    i.prvAddNewTaskToReadyList  tasks.o
    0x08002790   0x08002790   0x00000048   Code   RO         2231    i.prvCheckTasksWaitingTermination  tasks.o
    0x080027d8   0x080027d8   0x00000012   Code   RO         2232    i.prvDeleteTCB      tasks.o
    0x080027ea   0x080027ea   0x00000002   PAD
    0x080027ec   0x080027ec   0x00000070   Code   RO         2541    i.prvHeapInit       heap_4.o
    0x0800285c   0x0800285c   0x00000028   Code   RO         2233    i.prvIdleTask       tasks.o
    0x08002884   0x08002884   0x0000007a   Code   RO         2234    i.prvInitialiseNewTask  tasks.o
    0x080028fe   0x080028fe   0x00000002   PAD
    0x08002900   0x08002900   0x00000068   Code   RO         2235    i.prvInitialiseTaskLists  tasks.o
    0x08002968   0x08002968   0x00000068   Code   RO         2542    i.prvInsertBlockIntoFreeList  heap_4.o
    0x080029d0   0x080029d0   0x00000030   Code   RO         2236    i.prvResetNextTaskUnblockTime  tasks.o
    0x08002a00   0x08002a00   0x00000016   Code   RO         2603    i.prvTaskExitError  port.o
    0x08002a16   0x08002a16   0x00000002   PAD
    0x08002a18   0x08002a18   0x000000e4   Code   RO         2544    i.pvPortMalloc      heap_4.o
    0x08002afc   0x08002afc   0x00000024   Code   RO         2604    i.pxPortInitialiseStack  port.o
    0x08002b20   0x08002b20   0x00000154   Code   RO         2677    i.task_alarm        app_freertos.o
    0x08002c74   0x08002c74   0x00000044   Code   RO         2678    i.task_collect      app_freertos.o
    0x08002cb8   0x08002cb8   0x00000088   Code   RO         2679    i.task_show         app_freertos.o
    0x08002d40   0x08002d40   0x00000060   Code   RO         2680    i.task_switch       app_freertos.o
    0x08002da0   0x08002da0   0x000000b0   Code   RO         2681    i.task_volume       app_freertos.o
    0x08002e50   0x08002e50   0x00000028   Code   RO         1910    i.uxListRemove      list.o
    0x08002e78   0x08002e78   0x0000001a   Code   RO         1911    i.vListInitialise   list.o
    0x08002e92   0x08002e92   0x00000006   Code   RO         1912    i.vListInitialiseItem  list.o
    0x08002e98   0x08002e98   0x00000034   Code   RO         1913    i.vListInsert       list.o
    0x08002ecc   0x08002ecc   0x00000024   Code   RO         2606    i.vPortEnterCritical  port.o
    0x08002ef0   0x08002ef0   0x00000020   Code   RO         2607    i.vPortExitCritical  port.o
    0x08002f10   0x08002f10   0x0000004c   Code   RO         2545    i.vPortFree         heap_4.o
    0x08002f5c   0x08002f5c   0x00000018   Code   RO         2608    i.vPortSetupTimerInterrupt  port.o
    0x08002f74   0x08002f74   0x00000034   Code   RO         2244    i.vTaskDelay        tasks.o
    0x08002fa8   0x08002fa8   0x0000006c   Code   RO         2256    i.vTaskStartScheduler  tasks.o
    0x08003014   0x08003014   0x00000010   Code   RO         2258    i.vTaskSuspendAll   tasks.o
    0x08003024   0x08003024   0x00000060   Code   RO         2259    i.vTaskSwitchContext  tasks.o
    0x08003084   0x08003084   0x00000034   Code   RO         2609    i.xPortStartScheduler  port.o
    0x080030b8   0x080030b8   0x00000034   Code   RO         2610    i.xPortSysTickHandler  port.o
    0x080030ec   0x080030ec   0x00000068   Code   RO         2262    i.xTaskCreate       tasks.o
    0x08003154   0x08003154   0x00000020   Code   RO         2269    i.xTaskGetSchedulerState  tasks.o
    0x08003174   0x08003174   0x0000000c   Code   RO         2270    i.xTaskGetTickCount  tasks.o
    0x08003180   0x08003180   0x00000190   Code   RO         2272    i.xTaskIncrementTick  tasks.o
    0x08003310   0x08003310   0x0000015c   Code   RO         2274    i.xTaskResumeAll    tasks.o
    0x0800346c   0x0800346c   0x00000012   Data   RO          929    .constdata          stm32f1xx_hal_rcc.o
    0x0800347e   0x0800347e   0x00000018   Data   RO         1750    .constdata          system_stm32f1xx.o
    0x08003496   0x08003496   0x00000002   PAD
    0x08003498   0x08003498   0x00000020   Data   RO         3212    Region$$Table       anon$$obj.o


    Execution Region RW_IRAM1 (Exec base: 0x20000000, Load base: 0x080034b8, Size: 0x00004a70, Max: 0x00005000, ABSOLUTE, COMPRESSED[0x00000044])

    Exec Addr    Load Addr    Size         Type   Attr      Idx    E Section Name        Object

    0x20000000   COMPRESSED   0x00000009   Data   RW          765    .data               stm32f1xx_hal.o
    0x20000009   COMPRESSED   0x00000003   PAD
    0x2000000c   COMPRESSED   0x00000004   Data   RW         1751    .data               system_stm32f1xx.o
    0x20000010   COMPRESSED   0x00000040   Data   RW         2277    .data               tasks.o
    0x20000050   COMPRESSED   0x0000001c   Data   RW         2551    .data               heap_4.o
    0x2000006c   COMPRESSED   0x00000004   Data   RW         2611    .data               port.o
    0x20000070   COMPRESSED   0x0000002f   Data   RW         2683    .data               app_freertos.o
    0x2000009f   COMPRESSED   0x00000002   Data   RW         2802    .data               app_show.o
    0x200000a1   COMPRESSED   0x00000003   PAD
    0x200000a4   COMPRESSED   0x00000008   Data   RW         2848    .data               app_switch.o
    0x200000ac   COMPRESSED   0x00000005   Data   RW         3036    .data               inf_dht11.o
    0x200000b1   COMPRESSED   0x00000003   PAD
    0x200000b4   COMPRESSED   0x00000099   Data   RW         3128    .data               inf_led.o
    0x2000014d   COMPRESSED   0x00000003   PAD
    0x20000150        -       0x00000048   Zero   RW          205    .bss                usart.o
    0x20000198        -       0x000000c8   Zero   RW         2276    .bss                tasks.o
    0x20000260        -       0x00004400   Zero   RW         2550    .bss                heap_4.o
    0x20004660        -       0x0000000a   Zero   RW         2682    .bss                app_freertos.o
    0x2000466a   COMPRESSED   0x00000006   PAD
    0x20004670        -       0x00000400   Zero   RW            1    STACK               startup_stm32f103xb.o


==============================================================================

Image component sizes


      Code (inc. data)   RO Data    RW Data    ZI Data      Debug   Object Name

       726          0          0          0          0       2114   app_datetime.o
       996        160          0         47         10       8480   app_freertos.o
       740         48          0          2          0       2915   app_show.o
      1124         88          0          8          0       3029   app_switch.o
         0          0          0          0          0       2480   event_groups.o
       416         18          0          0          0       1055   gpio.o
       520         58          0         28      17408       4339   heap_4.o
       336         20          0          5          0       2009   inf_dht11.o
       388          8          0          0          0       1948   inf_ds1302z.o
       348         20          0          0          0       3272   inf_key.o
       788         58          0        153          0       5042   inf_led.o
        28          4          0          0          0        796   inf_mic.o
       148          4          0          0          0       1030   inf_nv02d.o
        28          6          0          0          0        814   inf_touch.o
       124          0          0          0          0       2477   list.o
       132          0          0          0          0     408716   main.o
       404         48          0          4          0       8580   port.o
        36          8        236          0       1024        780   startup_stm32f103xb.o
       152         32          0          9          0       5117   stm32f1xx_hal.o
       272         22          0          0          0      28606   stm32f1xx_hal_cortex.o
       828         34          0          0          0       3223   stm32f1xx_hal_gpio.o
        84          8          0          0          0        850   stm32f1xx_hal_msp.o
      1748         98         18          0          0       5784   stm32f1xx_hal_rcc.o
       370          4          0          0          0       1700   stm32f1xx_hal_uart.o
        42          0          0          0          0       2919   stm32f1xx_it.o
         2          0         24          4          0       1047   system_stm32f1xx.o
      1992        276          0         64        200      26276   tasks.o
       192         24          0          0         72       1558   usart.o

    ----------------------------------------------------------------------
     12976       1046        312        336      18720     536956   Object Totals
         0          0         32          0          0          0   (incl. Generated)
        12          0          2         12          6          0   (incl. Padding)

    ----------------------------------------------------------------------

      Code (inc. data)   RO Data    RW Data    ZI Data      Debug   Library Member Name

        86          0          0          0          0          0   __dczerorl2.o
         0          0          0          0          0          0   entry.o
         0          0          0          0          0          0   entry10a.o
         0          0          0          0          0          0   entry11a.o
         8          4          0          0          0          0   entry2.o
         4          0          0          0          0          0   entry5.o
         0          0          0          0          0          0   entry7b.o
         0          0          0          0          0          0   entry8b.o
         8          4          0          0          0          0   entry9a.o
        30          0          0          0          0          0   handlers.o
        36          8          0          0          0         68   init.o
        36          0          0          0          0        108   memseta.o

    ----------------------------------------------------------------------
       208         16          0          0          0        176   Library Totals
         0          0          0          0          0          0   (incl. Padding)

    ----------------------------------------------------------------------

      Code (inc. data)   RO Data    RW Data    ZI Data      Debug   Library Name

       208         16          0          0          0        176   mc_w.l

    ----------------------------------------------------------------------
       208         16          0          0          0        176   Library Totals

    ----------------------------------------------------------------------

==============================================================================


      Code (inc. data)   RO Data    RW Data    ZI Data      Debug   

     13184       1062        312        336      18720     532476   Grand Totals
     13184       1062        312         68      18720     532476   ELF Image Totals (compressed)
     13184       1062        312         68          0          0   ROM Totals

==============================================================================

    Total RO  Size (Code + RO Data)                13496 (  13.18kB)
    Total RW  Size (RW Data + ZI Data)             19056 (  18.61kB)
    Total ROM Size (Code + RO Data + RW Data)      13564 (  13.25kB)

==============================================================================

