<html>
<body>
<pre>
<h1>µVision Build Log</h1>
<h2>Tool Versions:</h2>
IDE-Version: ¦ÌVision V5.24.2.0
Copyright (C) 2017 ARM Ltd and ARM Germany GmbH. All rights reserved.
License Information: 1 Administrator, 1, LIC=MPPLD-8LJZ6-FWC2N-YBJT0-N50IQ-9YT03
 
Tool Versions:
Toolchain:       MDK-ARM Plus  Version: 5.24.1
Toolchain Path:  D:\Keil5\ARM\ARMCC\Bin
C Compiler:      Armcc.exe V5.06 update 5 (build 528)
Assembler:       Armasm.exe V5.06 update 5 (build 528)
Linker/Locator:  ArmLink.exe V5.06 update 5 (build 528)
Library Manager: ArmAr.exe V5.06 update 5 (build 528)
Hex Converter:   FromElf.exe V5.06 update 5 (build 528)
CPU DLL:         SARMCM3.DLL V5.24.1
Dialog DLL:      DCM.DLL V1.16.0.0
Target DLL:      STLink\ST-LINKIII-KEIL_SWO.dll V3.0.1.0
Dialog DLL:      TCM.DLL V1.32.0.0
 
<h2>Project:</h2>
C:\AFreeRTOS\HALDemo\HalDemo\MDK-ARM\HalDemo.uvprojx
Project File Date:  02/16/2026

<h2>Output:</h2>
*** Using Compiler 'V5.06 update 5 (build 528)', folder: 'D:\Keil5\ARM\ARMCC\Bin'
Rebuild target 'HalDemo'
assembling startup_stm32f103xb.s...
compiling usart.c...
compiling stm32f1xx_hal_rcc_ex.c...
compiling stm32f1xx_hal.c...
compiling stm32f1xx_it.c...
compiling stm32f1xx_hal_cortex.c...
compiling stm32f1xx_hal_msp.c...
compiling stm32f1xx_hal_dma.c...
compiling gpio.c...
compiling stm32f1xx_hal_gpio_ex.c...
compiling main.c...
compiling stm32f1xx_hal_gpio.c...
compiling stm32f1xx_hal_uart.c...
compiling stm32f1xx_hal_rcc.c...
compiling croutine.c...
compiling event_groups.c...
compiling list.c...
compiling queue.c...
compiling timers.c...
compiling stream_buffer.c...
compiling heap_4.c...
compiling tasks.c...
compiling port.c...
compiling stm32f1xx_hal_pwr.c...
compiling stm32f1xx_hal_exti.c...
compiling system_stm32f1xx.c...
compiling stm32f1xx_hal_flash_ex.c...
compiling stm32f1xx_hal_flash.c...
compiling Com_debug.c...
compiling inf_touch.c...
compiling App_dateTime.c...
compiling App_freeRTOS.c...
application\App_freeRTOS.c(308): warning:  #186-D: pointless comparison of unsigned integer with zero
                  if (nv02d_volume < 0)
application\App_freeRTOS.c(325): warning:  #1-D: last line of file ends without a newline
  }
application\App_freeRTOS.c: 2 warnings, 0 errors
compiling App_switch.c...
application\App_switch.c(284): warning:  #186-D: pointless comparison of unsigned integer with zero
                  if (alarm_time1.hour < 0)
application\App_switch.c(292): warning:  #186-D: pointless comparison of unsigned integer with zero
                  if (alarm_time2.hour < 0)
application\App_switch.c(303): warning:  #186-D: pointless comparison of unsigned integer with zero
                  if (alarm_time1.min < 0)
application\App_switch.c(311): warning:  #186-D: pointless comparison of unsigned integer with zero
                  if (alarm_time2.min < 0)
application\App_switch.c: 4 warnings, 0 errors
compiling App_show.c...
compiling inf_mic.c...
compiling inf_key.c...
compiling inf_DS1302Z.c...
compiling inf_NV02D.c...
compiling inf_DHT11.c...
compiling inf_led.c...
interface\inf_led.c(152): warning:  #186-D: pointless comparison of unsigned integer with zero
      if (temp_now < 0)
interface\inf_led.c: 1 warning, 0 errors
linking...
Program Size: Code=13184 RO-data=312 RW-data=336 ZI-data=18720  
FromELF: creating hex file...
"HalDemo\HalDemo.axf" - 0 Error(s), 7 Warning(s).

<h2>Software Packages used:</h2>

Package Vendor: ARM
                http://www.keil.com/pack/ARM.CMSIS.5.0.1.pack
                ARM.CMSIS.5.0.1
                CMSIS (Cortex Microcontroller Software Interface Standard)
   * Component: CORE Version: 5.0.1

Package Vendor: Keil
                http://www.keil.com/pack/Keil.STM32F1xx_DFP.2.2.0.pack
                Keil.STM32F1xx_DFP.2.2.0
                STMicroelectronics STM32F1 Series Device Support, Drivers and Examples

<h2>Collection of Component include folders:</h2>
  .\RTE\_HalDemo
  D:\Keil5\ARM\PACK\ARM\CMSIS\5.0.1\CMSIS\Include
  D:\Keil5\ARM\PACK\Keil\STM32F1xx_DFP\2.2.0\Device\Include

<h2>Collection of Component Files used:</h2>

   * Component: ARM::CMSIS:CORE:5.0.1
Build Time Elapsed:  00:00:05
</pre>
</body>
</html>
